/g/Proj/G/testadmobapp main !2 ❯ adb logcat -c                                                                 20:46:18
/g/Proj/G/testadmobapp main !2 ❯ adb logcat | grep -E "Godot|Yandex|VK|AdMob"                                  20:46:20
11-27 20:46:22.524  1735  1735 D Launcher.CellLayout: touch item:ShortcutInfo, id=228, itemType=0, user=UserHandle{0}, mIconType=0, pkgName=com.testapp.multiad, className=com.godot.game.GodotApp, screenId=3, container=-100, cellX=0, cellY=5, spanX=1, spanY=1, isLandscapePos=false
11-27 20:46:22.587  1305  3994 I ActivityTaskManager: START u0 {act=android.intent.action.MAIN cat=[android.intent.category.LAUNCHER] flg=0x10200000 cmp=com.testapp.multiad/com.godot.game.GodotApp bnds=[84,1658][252,1826] (has extras)} from uid 10087
11-27 20:46:22.634  1305  1330 D Boost   : hostingType=activity, hostingName={com.testapp.multiad/com.godot.game.GodotApp}, callerPackage=com.miui.home, isSystem=true, isBoostNeeded=false.
11-27 20:46:22.635  1305  1330 I ActivityManager: Start proc 29614:com.testapp.multiad/u0a212 for activity {com.testapp.multiad/com.godot.game.GodotApp} caller=com.miui.home
11-27 20:46:22.667  1516  1516 I ActivityObserver: filling one resumed activity ComponentInfo{com.testapp.multiad/com.godot.game.GodotApp}
11-27 20:46:22.705  1305  3994 D PowerHalWrapper: amsBoostNotify pid:29614,activity:com.godot.game.GodotApp, package:com.testapp.multiad, mProcessCreatePackcom.testapp.multiad
11-27 20:46:23.014 29614 29637 I YandexAds: [Integration] Yandex Mobile Ads 7.16.0 integrated successfully
11-27 20:46:23.054 29614 29614 D GodotActivity: Starting intent Intent { act=android.intent.action.MAIN cat=[android.intent.category.LAUNCHER] flg=0x10200000 cmp=com.testapp.multiad/com.godot.game.GodotApp bnds=[84,1658][252,1826] (has extras) } with parameters null
11-27 20:46:23.055 29614 29637 I YandexAds: [Integration] ------------------ AppLovin ------------------
11-27 20:46:23.055 29614 29637 E YandexAds: [Integration] MISSING ADAPTERS: Banner, Interstitial, Rewarded
11-27 20:46:23.055 29614 29637 E YandexAds: [Integration] AppLovin: NOT INTEGRATED
11-27 20:46:23.055 29614 29637 I YandexAds: [Integration] ---------------- AppLovinMax -----------------
11-27 20:46:23.055 29614 29637 E YandexAds: [Integration] MISSING ADAPTERS: Banner, Interstitial, Rewarded
11-27 20:46:23.055 29614 29637 E YandexAds: [Integration] AppLovinMax: NOT INTEGRATED
11-27 20:46:23.055 29614 29637 I YandexAds: [Integration] ------------------ Appnext -------------------
11-27 20:46:23.055 29614 29637 E YandexAds: [Integration] MISSING ADAPTERS: Banner, Interstitial, Native, Rewarded
11-27 20:46:23.056 29614 29637 E YandexAds: [Integration] Appnext: NOT INTEGRATED
11-27 20:46:23.056 29614 29637 I YandexAds: [Integration] ------------------ BigoAds -------------------
11-27 20:46:23.056 29614 29637 E YandexAds: [Integration] MISSING ADAPTERS: AppOpen, Banner, Interstitial, Native, Rewarded
11-27 20:46:23.056 29614 29637 E YandexAds: [Integration] BigoAds: NOT INTEGRATED
11-27 20:46:23.056 29614 29637 I YandexAds: [Integration] ----------------- Chartboost -----------------
11-27 20:46:23.056 29614 29637 E YandexAds: [Integration] MISSING ADAPTERS: Banner, Interstitial, Rewarded
11-27 20:46:23.056 29614 29637 E YandexAds: [Integration] Chartboost: NOT INTEGRATED
11-27 20:46:23.056 29614 29637 I YandexAds: [Integration] --------------- DigitalTurbine ---------------
11-27 20:46:23.056 29614 29637 E YandexAds: [Integration] MISSING ADAPTERS: Banner, Interstitial, Rewarded
11-27 20:46:23.056 29614 29637 E YandexAds: [Integration] DigitalTurbine: NOT INTEGRATED
11-27 20:46:23.057 29614 29637 I YandexAds: [Integration] ------------------- AdMob --------------------
11-27 20:46:23.057 29614 29637 E YandexAds: [Integration] MISSING ADAPTERS: AppOpen, Banner, Interstitial, Native, Rewarded
11-27 20:46:23.057 29614 29637 E YandexAds: [Integration] AdMob: NOT INTEGRATED
11-27 20:46:23.057 29614 29637 I YandexAds: [Integration] ----------------- AdManager ------------------
11-27 20:46:23.057 29614 29637 E YandexAds: [Integration] MISSING ADAPTERS: Banner, Interstitial, Native, Rewarded
11-27 20:46:23.057 29614 29637 E YandexAds: [Integration] AdManager: NOT INTEGRATED
11-27 20:46:23.057 29614 29637 I YandexAds: [Integration] ------------------- InMobi -------------------
11-27 20:46:23.057 29614 29637 E YandexAds: [Integration] MISSING ADAPTERS: Banner, Interstitial, Rewarded
11-27 20:46:23.057 29614 29637 E YandexAds: [Integration] InMobi: NOT INTEGRATED
11-27 20:46:23.058 29614 29637 I YandexAds: [Integration] ----------------- IronSource -----------------
11-27 20:46:23.058 29614 29637 E YandexAds: [Integration] MISSING ADAPTERS: Banner, Interstitial, Rewarded
11-27 20:46:23.058 29614 29637 E YandexAds: [Integration] IronSource: NOT INTEGRATED
11-27 20:46:23.058 29614 29637 I YandexAds: [Integration] ----------------- Mintegral ------------------
11-27 20:46:23.058 29614 29637 E YandexAds: [Integration] MISSING ADAPTERS: AppOpen, Banner, Interstitial, Native, Rewarded
11-27 20:46:23.058 29614 29637 E YandexAds: [Integration] Mintegral: NOT INTEGRATED
11-27 20:46:23.058 29614 29637 I YandexAds: [Integration] ------------------ MyTarget ------------------
11-27 20:46:23.058 29614 29637 E YandexAds: [Integration] MISSING ADAPTERS: Banner, Interstitial, Native, Rewarded
11-27 20:46:23.058 29614 29637 E YandexAds: [Integration] MyTarget: NOT INTEGRATED
11-27 20:46:23.058 29614 29637 I YandexAds: [Integration] ------------------- Pangle -------------------
11-27 20:46:23.059 29614 29637 E YandexAds: [Integration] MISSING ADAPTERS: AppOpen, Banner, Interstitial, Native, Rewarded
11-27 20:46:23.059 29614 29637 E YandexAds: [Integration] Pangle: NOT INTEGRATED
11-27 20:46:23.059 29614 29637 I YandexAds: [Integration] ------------------ PetalAds ------------------
11-27 20:46:23.059 29614 29637 E YandexAds: [Integration] MISSING ADAPTERS: AppOpen, Banner, Interstitial, Native, Rewarded
11-27 20:46:23.059 29614 29637 E YandexAds: [Integration] PetalAds: NOT INTEGRATED
11-27 20:46:23.059 29614 29637 I YandexAds: [Integration] ------------------ StartApp ------------------
11-27 20:46:23.059 29614 29637 E YandexAds: [Integration] MISSING ADAPTERS: Banner, Interstitial, Native, Rewarded
11-27 20:46:23.059 29614 29637 E YandexAds: [Integration] StartApp: NOT INTEGRATED
11-27 20:46:23.059 29614 29637 I YandexAds: [Integration] ------------------- TapJoy -------------------
11-27 20:46:23.059 29614 29637 E YandexAds: [Integration] MISSING ADAPTERS: Interstitial, Rewarded
11-27 20:46:23.059 29614 29637 E YandexAds: [Integration] TapJoy: NOT INTEGRATED
11-27 20:46:23.060 29614 29637 I YandexAds: [Integration] ------------------ UnityAds ------------------
11-27 20:46:23.060 29614 29637 E YandexAds: [Integration] MISSING ADAPTERS: Banner, Interstitial, Rewarded
11-27 20:46:23.060 29614 29637 E YandexAds: [Integration] UnityAds: NOT INTEGRATED
11-27 20:46:23.060 29614 29637 I YandexAds: [Integration] ------------------- Vungle -------------------
11-27 20:46:23.060 29614 29637 E YandexAds: [Integration] MISSING ADAPTERS: AppOpen, Banner, Interstitial, Native, Rewarded
11-27 20:46:23.060 29614 29637 E YandexAds: [Integration] Vungle: NOT INTEGRATED
11-27 20:46:23.060 29614 29637 I YandexAds: [Integration] ------------------ zMaticoo ------------------
11-27 20:46:23.060 29614 29637 E YandexAds: [Integration] MISSING ADAPTERS: Banner, Interstitial, Native, Rewarded
11-27 20:46:23.060 29614 29637 E YandexAds: [Integration] zMaticoo: NOT INTEGRATED
11-27 20:46:23.079 29614 29614 D ForceDarkHelper: updateByCheckExcludeList: pkg: com.testapp.multiad activity: com.godot.game.GodotApp@18627e1
11-27 20:46:23.089 29614 29614 D ForceDarkHelper: updateByCheckExcludeList: pkg: com.testapp.multiad activity: com.godot.game.GodotApp@18627e1
11-27 20:46:23.091 29614 29614 V GodotActivity: Creating new Godot fragment instance.
11-27 20:46:23.120 29614 29614 V Godot   : OnCreate: GodotFragment{6355a97} (15ffd5f6-5757-4889-a979-344f1168a77d id=0x7f090091)
11-27 20:46:23.120 29614 29614 V Godot   : Initializing Godot plugin registry
11-27 20:46:23.120 29614 29614 I GodotPluginRegistry: Registering runtime plugin AndroidRuntime
11-27 20:46:23.121 29614 29614 I GodotPluginRegistry: Initializing Godot plugin GodotAndroidVkAds
11-27 20:46:23.123 29614 29614 I GodotPluginRegistry: Completed initialization for Godot plugin GodotAndroidVkAds
11-27 20:46:23.123 29614 29614 I GodotPluginRegistry: Initializing Godot plugin GodotAndroidYandexAds
11-27 20:46:23.123 29614 29614 I GodotPluginRegistry: Completed initialization for Godot plugin GodotAndroidYandexAds
11-27 20:46:23.126 29614 29614 V Godot   : OnInitNativeLayer: GodotFragment{6355a97} (15ffd5f6-5757-4889-a979-344f1168a77d id=0x7f090091)
11-27 20:46:23.221 29614 29614 V Godot   : Godot native layer initialization completed: true
11-27 20:46:23.327 29614 29614 V Godot   : Godot native layer setup completed
11-27 20:46:23.327 29614 29614 D ForceDarkHelper: updateByCheckExcludeList: pkg: com.testapp.multiad activity: com.godot.game.GodotApp@18627e1
11-27 20:46:23.328 29614 29614 V Godot   : OnInitRenderView: GodotFragment{6355a97} (15ffd5f6-5757-4889-a979-344f1168a77d id=0x7f090091)
11-27 20:46:23.329 29614 29614 D ForceDarkHelper: updateByCheckExcludeList: pkg: com.testapp.multiad activity: com.godot.game.GodotApp@18627e1
11-27 20:46:23.377 29614 29614 D Godot   : usesVulkan(): true
11-27 20:46:23.377 29614 29614 D Godot   :                      renderingDevice: vulkan (ProjectSettings)
11-27 20:46:23.377 29614 29614 D Godot   :                      renderer: mobile (ProjectSettings)
11-27 20:46:23.380 29614 29614 D ForceDarkHelper: updateByCheckExcludeList: pkg: com.testapp.multiad activity: com.godot.game.GodotApp@18627e1
11-27 20:46:23.389 29614 29614 D ForceDarkHelper: updateByCheckExcludeList: pkg: com.testapp.multiad activity: com.godot.game.GodotApp@18627e1
11-27 20:46:23.389 29614 29614 D ForceDarkHelper: updateByCheckExcludeList: pkg: com.testapp.multiad activity: com.godot.game.GodotApp@18627e1
11-27 20:46:23.404 29614 29614 V Godot   : OnStart: GodotFragment{6355a97} (15ffd5f6-5757-4889-a979-344f1168a77d id=0x7f090091)
11-27 20:46:23.409 29614 29614 V Godot   : OnResume: GodotFragment{6355a97} (15ffd5f6-5757-4889-a979-344f1168a77d id=0x7f090091)
11-27 20:46:23.458  1735  1735 D RecentsImpl: mActivityStateObserver com.godot.game.GodotApp
11-27 20:46:23.458  1735  1735 W RecentsImpl: onResumed className=com.godot.game.GodotApp   mIsInAnotherPro=false
11-27 20:46:23.459 29614 29614 W Looper  : Slow Looper main: Activity com.testapp.multiad/com.godot.game.GodotApp is 751ms late (wall=0ms running=0ms ClientTransaction{ callbacks=[android.app.servertransaction.TopResumedActivityChangeItem] }) because of 3 msg, msg 2 took 287ms (seq=2 running=184ms runnable=3ms io=79ms late=6ms h=android.app.ActivityThread$H w=110), msg 3 took 460ms (seq=3 running=244ms runnable=7ms io=160ms late=291ms h=android.app.ActivityThread$H w=159)
11-27 20:46:23.479  1305  3262 I WindowManager: Relayout Window{27a5ac8 u0 com.testapp.multiad/com.godot.game.GodotApp}: oldVis=4 newVis=0 focusMayChange = true
11-27 20:46:23.480   554  2252 I BufferQueueConsumer: [com.testapp.multiad/com.godot.game.GodotApp#0](this:0x73ac158000,id:31,api:0,p:-1,c:554) setConsumerName: com.testapp.multiad/com.godot.game.GodotApp#0
11-27 20:46:23.480   554  2252 I BufferQueueConsumer: [com.testapp.multiad/com.godot.game.GodotApp#0](this:0x73ac158000,id:31,api:0,p:-1,c:554) setDefaultBufferSize: width=1 height=1
11-27 20:46:23.484   554  2252 I BufferQueueConsumer: [com.testapp.multiad/com.godot.game.GodotApp#0](this:0x73ac158000,id:31,api:0,p:-1,c:554) setDefaultBufferSize: width=1080 height=2340
11-27 20:46:23.505   554   615 I BufferQueueConsumer: [Bounds for - com.testapp.multiad/com.godot.game.GodotApp#0](this:0x73a9a13800,id:32,api:0,p:-1,c:554) setConsumerName: Bounds for - com.testapp.multiad/com.godot.game.GodotApp#0
11-27 20:46:23.510   554  2252 I BufferQueueConsumer: [SurfaceView - com.testapp.multiad/com.godot.game.GodotApp#0](this:0x73ac15d800,id:33,api:0,p:-1,c:554) setConsumerName: SurfaceView - com.testapp.multiad/com.godot.game.GodotApp#0
11-27 20:46:23.510   554  2252 I BufferQueueConsumer: [SurfaceView - com.testapp.multiad/com.godot.game.GodotApp#0](this:0x73ac15d800,id:33,api:0,p:-1,c:554) setDefaultBufferSize: width=1080 height=2340
11-27 20:46:23.512   554  2252 I BufferQueueProducer: [com.testapp.multiad/com.godot.game.GodotApp#0](this:0x73ac158000,id:31,api:1,p:29614,c:554) connect(P): api=1 producer=(29614:com.testapp.multiad) producerControlledByApp=false
11-27 20:46:23.514 29614 29658 I godot   : Godot Engine v4.4.1.stable.official.49a5bc7b6 - https://godotengine.org
11-27 20:46:23.584  1305  1323 I Timeline: Timeline: Activity_windows_visible id: ActivityRecord{f4cc4c u0 com.testapp.multiad/com.godot.game.GodotApp t7} time:570781
11-27 20:46:23.589  1305  1328 I ActivityTaskManager: Displayed com.testapp.multiad/com.godot.game.GodotApp: +998ms
11-27 20:46:23.676   554   554 I SurfaceFlinger: screenshot (Background for -SurfaceView - com.testapp.multiad/com.godot.game.GodotApp#0)
11-27 20:46:23.686 29614 29658 I GodotInputHandler: === New Input Device: uinput-fpc
11-27 20:46:23.686 29614 29658 I GodotInputHandler:  - Mapping Android axis 32 to Godot axis 0
11-27 20:46:23.702 29614 29639 I YandexAds: [Integration] Yandex Mobile Ads 7.16.0 initialized successfully
11-27 20:46:23.721 29614 29658 I GPUD    : @gpudInitialize: successfully initialized with VK, dbg=0 mmdump_dbg=0
11-27 20:46:23.724   554   615 I BufferQueueProducer: [SurfaceView - com.testapp.multiad/com.godot.game.GodotApp#0](this:0x73ac15d800,id:33,api:1,p:29614,c:554) connect(P): api=1 producer=(29614:com.testapp.multiad) producerControlledByApp=false
11-27 20:46:23.794   554   554 I SurfaceFlinger: screenshot (Background for -SurfaceView - com.testapp.multiad/com.godot.game.GodotApp#0)
11-27 20:46:23.909   554   554 I SurfaceFlinger: screenshot (Background for -SurfaceView - com.testapp.multiad/com.godot.game.GodotApp#0)
11-27 20:46:24.027   554   554 I SurfaceFlinger: screenshot (Background for -SurfaceView - com.testapp.multiad/com.godot.game.GodotApp#0)
11-27 20:46:25.537   554   615 I BufferQueueProducer: [SurfaceView - com.testapp.multiad/com.godot.game.GodotApp#0](this:0x73ac15d800,id:33,api:1,p:29614,c:554) disconnect(P): api 1
11-27 20:46:25.537   554   615 I BufferQueueProducer: [SurfaceView - com.testapp.multiad/com.godot.game.GodotApp#0](this:0x73ac15d800,id:33,api:1,p:29614,c:554) connect(P): api=1 producer=(29614:com.testapp.multiad) producerControlledByApp=false
11-27 20:46:25.546   554   615 D BufferQueueProducer: [SurfaceView - com.testapp.multiad/com.godot.game.GodotApp#0](this:0x73ac15d800,id:33,api:1,p:29614,c:554) cancelBuffer: slot 0
11-27 20:46:25.546   554   615 D BufferQueueProducer: [SurfaceView - com.testapp.multiad/com.godot.game.GodotApp#0](this:0x73ac15d800,id:33,api:1,p:29614,c:554) cancelBuffer: slot 1
11-27 20:46:25.546   554   615 D BufferQueueProducer: [SurfaceView - com.testapp.multiad/com.godot.game.GodotApp#0](this:0x73ac15d800,id:33,api:1,p:29614,c:554) cancelBuffer: slot 2
11-27 20:46:25.571   554   554 I SurfaceFlinger: screenshot (Background for -SurfaceView - com.testapp.multiad/com.godot.game.GodotApp#0)
11-27 20:46:25.571   554   554 I SurfaceFlinger: screenshot (SurfaceView - com.testapp.multiad/com.godot.game.GodotApp#0)
11-27 20:46:25.688   554   554 I SurfaceFlinger: screenshot (Background for -SurfaceView - com.testapp.multiad/com.godot.game.GodotApp#0)
11-27 20:46:25.688   554   554 I SurfaceFlinger: screenshot (SurfaceView - com.testapp.multiad/com.godot.game.GodotApp#0)
11-27 20:46:25.927 29614 29658 E godot   : PoingGodotAdMobRewardedAd not found, make sure you marked all 'PoingAdMob' plugins on export tab
11-27 20:46:25.945 29614 29658 E godot   : PoingGodotAdMob not found, make sure you marked all 'PoingAdMob' plugins on export tab
11-27 20:46:25.954 29614 29658 E godot   : PoingGodotAdMobRewardedAd not found, make sure you marked all 'PoingAdMob' plugins on export tab
11-27 20:46:25.965 29614 29658 V Godot   : OnGodotSetupCompleted
11-27 20:46:26.194 29614 29658 V Godot   : OnGodotMainLoopStarted
11-27 20:46:26.350   554   554 I SurfaceFlinger: screenshot (Background for -SurfaceView - com.testapp.multiad/com.godot.game.GodotApp#0)
11-27 20:46:26.350   554   554 I SurfaceFlinger: screenshot (SurfaceView - com.testapp.multiad/com.godot.game.GodotApp#0)
11-27 20:46:26.465   554   554 I SurfaceFlinger: screenshot (Background for -SurfaceView - com.testapp.multiad/com.godot.game.GodotApp#0)
11-27 20:46:26.465   554   554 I SurfaceFlinger: screenshot (SurfaceView - com.testapp.multiad/com.godot.game.GodotApp#0)
11-27 20:46:26.568   554   615 I BufferQueueProducer: [SurfaceView - com.testapp.multiad/com.godot.game.GodotApp#0](this:0x73ac15d800,id:33,api:1,p:29614,c:554) queueBuffer: fps=11.93 dur=1006.16 max=779.11 min=17.36
11-27 20:46:26.582   554   554 I SurfaceFlinger: screenshot (Background for -SurfaceView - com.testapp.multiad/com.godot.game.GodotApp#0)
11-27 20:46:26.582   554   554 I SurfaceFlinger: screenshot (SurfaceView - com.testapp.multiad/com.godot.game.GodotApp#0)
11-27 20:46:26.698   554   554 I SurfaceFlinger: screenshot (Background for -SurfaceView - com.testapp.multiad/com.godot.game.GodotApp#0)
11-27 20:46:26.698   554   554 I SurfaceFlinger: screenshot (SurfaceView - com.testapp.multiad/com.godot.game.GodotApp#0)
11-27 20:46:26.814   554   554 I SurfaceFlinger: screenshot (Background for -SurfaceView - com.testapp.multiad/com.godot.game.GodotApp#0)
11-27 20:46:26.814   554   554 I SurfaceFlinger: screenshot (SurfaceView - com.testapp.multiad/com.godot.game.GodotApp#0)
11-27 20:46:26.930   554   554 I SurfaceFlinger: screenshot (Background for -SurfaceView - com.testapp.multiad/com.godot.game.GodotApp#0)
11-27 20:46:26.930   554   554 I SurfaceFlinger: screenshot (SurfaceView - com.testapp.multiad/com.godot.game.GodotApp#0)
11-27 20:46:27.047   554   554 I SurfaceFlinger: screenshot (Background for -SurfaceView - com.testapp.multiad/com.godot.game.GodotApp#0)
11-27 20:46:27.047   554   554 I SurfaceFlinger: screenshot (SurfaceView - com.testapp.multiad/com.godot.game.GodotApp#0)
11-27 20:46:27.081 29614 29658 I godot   : 🟡 Initializing Yandex Ads (Android)...
11-27 20:46:27.083 29614 29658 I godot   : ✅ Yandex Ads initialized
11-27 20:46:27.083 29614 29658 I godot   : 🔵 Initializing VK Ads (Android)...
11-27 20:46:27.084 29614 29658 I godot   : ✅ VK Ads initialized
11-27 20:46:27.084 29614 29658 I godot   : 🟢 Initializing AdMob...
11-27 20:46:27.087 29614 29614 D ForceDarkHelper: updateByCheckExcludeList: pkg: com.testapp.multiad activity: com.godot.game.GodotApp@18627e1
11-27 20:46:27.098 29614 29614 D godot   : YandexAds: Show Banner
11-27 20:46:27.102 29614 29614 D ForceDarkHelper: updateByCheckExcludeList: pkg: com.testapp.multiad activity: com.godot.game.GodotApp@18627e1
11-27 20:46:27.107 29614 29614 D YandexMobileAds: SDK initialized
11-27 20:46:27.122   554   615 I BufferQueueProducer: [com.testapp.multiad/com.godot.game.GodotApp#0](this:0x73ac158000,id:31,api:1,p:29614,c:554) queueBuffer: fps=0.85 dur=3548.02 max=3508.20 min=11.81
11-27 20:46:27.163   554   554 I SurfaceFlinger: screenshot (Background for -SurfaceView - com.testapp.multiad/com.godot.game.GodotApp#0)
11-27 20:46:27.163   554   554 I SurfaceFlinger: screenshot (SurfaceView - com.testapp.multiad/com.godot.game.GodotApp#0)
11-27 20:46:27.264   554   554 I SurfaceFlinger: screenshot (Background for -SurfaceView - com.testapp.multiad/com.godot.game.GodotApp#0)
11-27 20:46:27.265   554   554 I SurfaceFlinger: screenshot (SurfaceView - com.testapp.multiad/com.godot.game.GodotApp#0)
11-27 20:46:27.326 29614 29658 I godot   : ❌ VK rewarded failed: 2001
11-27 20:46:27.326 29614 29658 I godot   : 📝 Status: VK rewarded failed: 2001
11-27 20:46:27.379   554   554 I SurfaceFlinger: screenshot (Background for -SurfaceView - com.testapp.multiad/com.godot.game.GodotApp#0)
11-27 20:46:27.379   554   554 I SurfaceFlinger: screenshot (SurfaceView - com.testapp.multiad/com.godot.game.GodotApp#0)
11-27 20:46:27.480   554   554 I SurfaceFlinger: screenshot (Background for -SurfaceView - com.testapp.multiad/com.godot.game.GodotApp#0)
11-27 20:46:27.480   554   554 I SurfaceFlinger: screenshot (SurfaceView - com.testapp.multiad/com.godot.game.GodotApp#0)
11-27 20:46:27.578   554  2252 I BufferQueueProducer: [SurfaceView - com.testapp.multiad/com.godot.game.GodotApp#0](this:0x73ac15d800,id:33,api:1,p:29614,c:554) queueBuffer: fps=60.42 dur=1009.65 max=19.22 min=14.59
11-27 20:46:27.595   554   554 I SurfaceFlinger: screenshot (Background for -SurfaceView - com.testapp.multiad/com.godot.game.GodotApp#0)
11-27 20:46:27.595   554   554 I SurfaceFlinger: screenshot (SurfaceView - com.testapp.multiad/com.godot.game.GodotApp#0)
11-27 20:46:27.655 29614 29614 D ForceDarkHelper: updateByCheckExcludeList: pkg: com.testapp.multiad activity: com.godot.game.GodotApp@18627e1
11-27 20:46:27.712   554   554 I SurfaceFlinger: screenshot (Background for -SurfaceView - com.testapp.multiad/com.godot.game.GodotApp#0)
11-27 20:46:27.712   554   554 I SurfaceFlinger: screenshot (SurfaceView - com.testapp.multiad/com.godot.game.GodotApp#0)
11-27 20:46:27.828   554   554 I SurfaceFlinger: screenshot (Background for -SurfaceView - com.testapp.multiad/com.godot.game.GodotApp#0)
11-27 20:46:27.828   554   554 I SurfaceFlinger: screenshot (SurfaceView - com.testapp.multiad/com.godot.game.GodotApp#0)
11-27 20:46:27.868 29614 29614 I YandexAds: [Integration] Ad type banner was integrated successfully
11-27 20:46:27.945   554   554 I SurfaceFlinger: screenshot (Background for -SurfaceView - com.testapp.multiad/com.godot.game.GodotApp#0)
11-27 20:46:27.945   554   554 I SurfaceFlinger: screenshot (SurfaceView - com.testapp.multiad/com.godot.game.GodotApp#0)
11-27 20:46:27.978 29614 29614 W godot   : YandexAds: onBannerAdLoaded
11-27 20:46:27.981 29614 29658 I godot   : ✅ Yandex banner loaded
11-27 20:46:27.981 29614 29658 I godot   : 📝 Status: Yandex banner visible
11-27 20:46:28.061   554   554 I SurfaceFlinger: screenshot (Background for -SurfaceView - com.testapp.multiad/com.godot.game.GodotApp#0)
11-27 20:46:28.061   554   554 I SurfaceFlinger: screenshot (SurfaceView - com.testapp.multiad/com.godot.game.GodotApp#0)
11-27 20:46:28.061   554   554 I SurfaceFlinger: screenshot (com.testapp.multiad/com.godot.game.GodotApp#0)
11-27 20:46:28.100  1305  3260 D PerfShielderService: com.testapp.multiad|com.testapp.multiad/com.godot.game.GodotApp|358|575215412648|323|0|3
11-27 20:46:28.100  2565  5833 W MiuiPerfServiceClient: interceptAndQueuing:29614|com.testapp.multiad|358|323|unknown|null|com.testapp.multiad/com.godot.game.GodotApp|575215412648|Slow main thread|3
11-27 20:46:28.177   554   554 I SurfaceFlinger: screenshot (Background for -SurfaceView - com.testapp.multiad/com.godot.game.GodotApp#0)
11-27 20:46:28.177   554   554 I SurfaceFlinger: screenshot (SurfaceView - com.testapp.multiad/com.godot.game.GodotApp#0)
11-27 20:46:28.177   554   554 I SurfaceFlinger: screenshot (com.testapp.multiad/com.godot.game.GodotApp#0)
11-27 20:46:28.239 29614 29693 I YandexAds: [Integration] Ad type rewarded was integrated successfully
11-27 20:46:28.241 29614 29614 W godot   : YandexAds: onRewardedVideoAdLoaded
11-27 20:46:28.243 29614 29658 I godot   : ✅ Yandex rewarded loaded
11-27 20:46:28.243 29614 29658 I godot   : 📝 Status: Yandex rewarded ready!
11-27 20:46:28.293   554   554 I SurfaceFlinger: screenshot (Background for -SurfaceView - com.testapp.multiad/com.godot.game.GodotApp#0)
11-27 20:46:28.293   554   554 I SurfaceFlinger: screenshot (SurfaceView - com.testapp.multiad/com.godot.game.GodotApp#0)
11-27 20:46:28.293   554   554 I SurfaceFlinger: screenshot (com.testapp.multiad/com.godot.game.GodotApp#0)
11-27 20:46:28.358 29614 29658 I godot   : ❌ VK banner failed: 2001
11-27 20:46:28.358 29614 29658 I godot   : 📝 Status: VK banner failed: 2001
11-27 20:46:28.409   554   554 I SurfaceFlinger: screenshot (Background for -SurfaceView - com.testapp.multiad/com.godot.game.GodotApp#0)
11-27 20:46:28.409   554   554 I SurfaceFlinger: screenshot (SurfaceView - com.testapp.multiad/com.godot.game.GodotApp#0)
11-27 20:46:28.409   554   554 I SurfaceFlinger: screenshot (com.testapp.multiad/com.godot.game.GodotApp#0)
11-27 20:46:28.525   554   554 I SurfaceFlinger: screenshot (Background for -SurfaceView - com.testapp.multiad/com.godot.game.GodotApp#0)
11-27 20:46:28.526   554   554 I SurfaceFlinger: screenshot (SurfaceView - com.testapp.multiad/com.godot.game.GodotApp#0)
11-27 20:46:28.526   554   554 I SurfaceFlinger: screenshot (com.testapp.multiad/com.godot.game.GodotApp#0)
11-27 20:46:28.589   554   615 I BufferQueueProducer: [SurfaceView - com.testapp.multiad/com.godot.game.GodotApp#0](this:0x73ac15d800,id:33,api:1,p:29614,c:554) queueBuffer: fps=60.32 dur=1011.31 max=23.60 min=10.74
11-27 20:46:28.643   554   554 I SurfaceFlinger: screenshot (Background for -SurfaceView - com.testapp.multiad/com.godot.game.GodotApp#0)
11-27 20:46:28.643   554   554 I SurfaceFlinger: screenshot (SurfaceView - com.testapp.multiad/com.godot.game.GodotApp#0)
11-27 20:46:28.643   554   554 I SurfaceFlinger: screenshot (com.testapp.multiad/com.godot.game.GodotApp#0)
11-27 20:46:28.758   554   554 I SurfaceFlinger: screenshot (Background for -SurfaceView - com.testapp.multiad/com.godot.game.GodotApp#0)
11-27 20:46:28.758   554   554 I SurfaceFlinger: screenshot (SurfaceView - com.testapp.multiad/com.godot.game.GodotApp#0)
11-27 20:46:28.758   554   554 I SurfaceFlinger: screenshot (com.testapp.multiad/com.godot.game.GodotApp#0)
11-27 20:46:28.875   554   554 I SurfaceFlinger: screenshot (Background for -SurfaceView - com.testapp.multiad/com.godot.game.GodotApp#0)
11-27 20:46:28.875   554   554 I SurfaceFlinger: screenshot (SurfaceView - com.testapp.multiad/com.godot.game.GodotApp#0)
11-27 20:46:28.875   554   554 I SurfaceFlinger: screenshot (com.testapp.multiad/com.godot.game.GodotApp#0)
11-27 20:46:28.991   554   554 I SurfaceFlinger: screenshot (Background for -SurfaceView - com.testapp.multiad/com.godot.game.GodotApp#0)
11-27 20:46:28.991   554   554 I SurfaceFlinger: screenshot (SurfaceView - com.testapp.multiad/com.godot.game.GodotApp#0)
11-27 20:46:28.991   554   554 I SurfaceFlinger: screenshot (com.testapp.multiad/com.godot.game.GodotApp#0)
11-27 20:46:29.089 29614 29658 I godot   : ✅ AdMob initialized
11-27 20:46:29.107   554   554 I SurfaceFlinger: screenshot (Background for -SurfaceView - com.testapp.multiad/com.godot.game.GodotApp#0)
11-27 20:46:29.107   554   554 I SurfaceFlinger: screenshot (SurfaceView - com.testapp.multiad/com.godot.game.GodotApp#0)
11-27 20:46:29.107   554   554 I SurfaceFlinger: screenshot (com.testapp.multiad/com.godot.game.GodotApp#0)
11-27 20:46:29.224   554   554 I SurfaceFlinger: screenshot (Background for -SurfaceView - com.testapp.multiad/com.godot.game.GodotApp#0)
11-27 20:46:29.224   554   554 I SurfaceFlinger: screenshot (SurfaceView - com.testapp.multiad/com.godot.game.GodotApp#0)
11-27 20:46:29.224   554   554 I SurfaceFlinger: screenshot (com.testapp.multiad/com.godot.game.GodotApp#0)
11-27 20:46:29.341   554   554 I SurfaceFlinger: screenshot (Background for -SurfaceView - com.testapp.multiad/com.godot.game.GodotApp#0)
11-27 20:46:29.341   554   554 I SurfaceFlinger: screenshot (SurfaceView - com.testapp.multiad/com.godot.game.GodotApp#0)
11-27 20:46:29.341   554   554 I SurfaceFlinger: screenshot (com.testapp.multiad/com.godot.game.GodotApp#0)
11-27 20:46:29.456   554   554 I SurfaceFlinger: screenshot (Background for -SurfaceView - com.testapp.multiad/com.godot.game.GodotApp#0)
11-27 20:46:29.456   554   554 I SurfaceFlinger: screenshot (SurfaceView - com.testapp.multiad/com.godot.game.GodotApp#0)
11-27 20:46:29.456   554   554 I SurfaceFlinger: screenshot (com.testapp.multiad/com.godot.game.GodotApp#0)
11-27 20:46:29.573   554   554 I SurfaceFlinger: screenshot (Background for -SurfaceView - com.testapp.multiad/com.godot.game.GodotApp#0)
11-27 20:46:29.573   554   554 I SurfaceFlinger: screenshot (SurfaceView - com.testapp.multiad/com.godot.game.GodotApp#0)
11-27 20:46:29.573   554   554 I SurfaceFlinger: screenshot (com.testapp.multiad/com.godot.game.GodotApp#0)
11-27 20:46:29.603   554  2101 I BufferQueueProducer: [SurfaceView - com.testapp.multiad/com.godot.game.GodotApp#0](this:0x73ac15d800,id:33,api:1,p:29614,c:554) queueBuffer: fps=60.17 dur=1013.82 max=17.39 min=15.73
11-27 20:46:29.673   554   554 I SurfaceFlinger: screenshot (Background for -SurfaceView - com.testapp.multiad/com.godot.game.GodotApp#0)
11-27 20:46:29.673   554   554 I SurfaceFlinger: screenshot (SurfaceView - com.testapp.multiad/com.godot.game.GodotApp#0)
11-27 20:46:29.673   554   554 I SurfaceFlinger: screenshot (com.testapp.multiad/com.godot.game.GodotApp#0)
11-27 20:46:29.788   554   554 I SurfaceFlinger: screenshot (Background for -SurfaceView - com.testapp.multiad/com.godot.game.GodotApp#0)
11-27 20:46:29.789   554   554 I SurfaceFlinger: screenshot (SurfaceView - com.testapp.multiad/com.godot.game.GodotApp#0)
11-27 20:46:29.789   554   554 I SurfaceFlinger: screenshot (com.testapp.multiad/com.godot.game.GodotApp#0)
11-27 20:46:29.889   554   554 I SurfaceFlinger: screenshot (Background for -SurfaceView - com.testapp.multiad/com.godot.game.GodotApp#0)
11-27 20:46:29.889   554   554 I SurfaceFlinger: screenshot (SurfaceView - com.testapp.multiad/com.godot.game.GodotApp#0)
11-27 20:46:29.889   554   554 I SurfaceFlinger: screenshot (com.testapp.multiad/com.godot.game.GodotApp#0)
11-27 20:46:30.005   554   554 I SurfaceFlinger: screenshot (Background for -SurfaceView - com.testapp.multiad/com.godot.game.GodotApp#0)
11-27 20:46:30.005   554   554 I SurfaceFlinger: screenshot (SurfaceView - com.testapp.multiad/com.godot.game.GodotApp#0)
11-27 20:46:30.005   554   554 I SurfaceFlinger: screenshot (com.testapp.multiad/com.godot.game.GodotApp#0)
11-27 20:46:30.121   554   554 I SurfaceFlinger: screenshot (Background for -SurfaceView - com.testapp.multiad/com.godot.game.GodotApp#0)
11-27 20:46:30.122   554   554 I SurfaceFlinger: screenshot (SurfaceView - com.testapp.multiad/com.godot.game.GodotApp#0)
11-27 20:46:30.122   554   554 I SurfaceFlinger: screenshot (com.testapp.multiad/com.godot.game.GodotApp#0)
11-27 20:46:30.223   554   554 I SurfaceFlinger: screenshot (Background for -SurfaceView - com.testapp.multiad/com.godot.game.GodotApp#0)
11-27 20:46:30.223   554   554 I SurfaceFlinger: screenshot (SurfaceView - com.testapp.multiad/com.godot.game.GodotApp#0)
11-27 20:46:30.223   554   554 I SurfaceFlinger: screenshot (com.testapp.multiad/com.godot.game.GodotApp#0)
11-27 20:46:30.338   554   554 I SurfaceFlinger: screenshot (Background for -SurfaceView - com.testapp.multiad/com.godot.game.GodotApp#0)
11-27 20:46:30.338   554   554 I SurfaceFlinger: screenshot (SurfaceView - com.testapp.multiad/com.godot.game.GodotApp#0)
11-27 20:46:30.338   554   554 I SurfaceFlinger: screenshot (com.testapp.multiad/com.godot.game.GodotApp#0)
11-27 20:46:30.455   554   554 I SurfaceFlinger: screenshot (Background for -SurfaceView - com.testapp.multiad/com.godot.game.GodotApp#0)
11-27 20:46:30.455   554   554 I SurfaceFlinger: screenshot (SurfaceView - com.testapp.multiad/com.godot.game.GodotApp#0)
11-27 20:46:30.455   554   554 I SurfaceFlinger: screenshot (com.testapp.multiad/com.godot.game.GodotApp#0)
11-27 20:46:30.570   554   554 I SurfaceFlinger: screenshot (Background for -SurfaceView - com.testapp.multiad/com.godot.game.GodotApp#0)
11-27 20:46:30.570   554   554 I SurfaceFlinger: screenshot (SurfaceView - com.testapp.multiad/com.godot.game.GodotApp#0)
11-27 20:46:30.570   554   554 I SurfaceFlinger: screenshot (com.testapp.multiad/com.godot.game.GodotApp#0)
11-27 20:46:30.617   554   615 I BufferQueueProducer: [SurfaceView - com.testapp.multiad/com.godot.game.GodotApp#0](this:0x73ac15d800,id:33,api:1,p:29614,c:554) queueBuffer: fps=60.16 dur=1013.91 max=17.47 min=15.90
11-27 20:46:30.688   554   554 I SurfaceFlinger: screenshot (Background for -SurfaceView - com.testapp.multiad/com.godot.game.GodotApp#0)
11-27 20:46:30.688   554   554 I SurfaceFlinger: screenshot (SurfaceView - com.testapp.multiad/com.godot.game.GodotApp#0)
11-27 20:46:30.688   554   554 I SurfaceFlinger: screenshot (com.testapp.multiad/com.godot.game.GodotApp#0)
11-27 20:46:30.805   554   554 I SurfaceFlinger: screenshot (Background for -SurfaceView - com.testapp.multiad/com.godot.game.GodotApp#0)
11-27 20:46:30.805   554   554 I SurfaceFlinger: screenshot (SurfaceView - com.testapp.multiad/com.godot.game.GodotApp#0)
11-27 20:46:30.805   554   554 I SurfaceFlinger: screenshot (com.testapp.multiad/com.godot.game.GodotApp#0)
11-27 20:46:30.919   554   554 I SurfaceFlinger: screenshot (Background for -SurfaceView - com.testapp.multiad/com.godot.game.GodotApp#0)
11-27 20:46:30.919   554   554 I SurfaceFlinger: screenshot (SurfaceView - com.testapp.multiad/com.godot.game.GodotApp#0)
11-27 20:46:30.919   554   554 I SurfaceFlinger: screenshot (com.testapp.multiad/com.godot.game.GodotApp#0)
11-27 20:46:31.035   554   554 I SurfaceFlinger: screenshot (Background for -SurfaceView - com.testapp.multiad/com.godot.game.GodotApp#0)
11-27 20:46:31.035   554   554 I SurfaceFlinger: screenshot (SurfaceView - com.testapp.multiad/com.godot.game.GodotApp#0)
11-27 20:46:31.035   554   554 I SurfaceFlinger: screenshot (com.testapp.multiad/com.godot.game.GodotApp#0)
11-27 20:46:31.149 29614 29658 I godot   : 🎬 Yandex button pressed
11-27 20:46:31.150 29614 29658 I godot   :   Showing Yandex rewarded...
11-27 20:46:31.150 29614 29658 I godot   : 📝 Status: Showing Yandex ad...
11-27 20:46:31.151   554   554 I SurfaceFlinger: screenshot (Background for -SurfaceView - com.testapp.multiad/com.godot.game.GodotApp#0)
11-27 20:46:31.151   554   554 I SurfaceFlinger: screenshot (SurfaceView - com.testapp.multiad/com.godot.game.GodotApp#0)
11-27 20:46:31.152   554   554 I SurfaceFlinger: screenshot (com.testapp.multiad/com.godot.game.GodotApp#0)
11-27 20:46:31.172 29614 29614 V Godot   : OnPause: GodotFragment{6355a97} (15ffd5f6-5757-4889-a979-344f1168a77d id=0x7f090091)
11-27 20:46:31.268   554   554 I SurfaceFlinger: screenshot (Background for -SurfaceView - com.testapp.multiad/com.godot.game.GodotApp#0)
11-27 20:46:31.268   554   554 I SurfaceFlinger: screenshot (SurfaceView - com.testapp.multiad/com.godot.game.GodotApp#0)
11-27 20:46:31.268   554   554 I SurfaceFlinger: screenshot (com.testapp.multiad/com.godot.game.GodotApp#0)
11-27 20:46:31.385   554   554 I SurfaceFlinger: screenshot (Background for -SurfaceView - com.testapp.multiad/com.godot.game.GodotApp#0)
11-27 20:46:31.385   554   554 I SurfaceFlinger: screenshot (SurfaceView - com.testapp.multiad/com.godot.game.GodotApp#0)
11-27 20:46:31.385   554   554 I SurfaceFlinger: screenshot (com.testapp.multiad/com.godot.game.GodotApp#0)
11-27 20:46:31.465 29614 29614 W godot   : YandexAds: onRewardedVideoAdShown
11-27 20:46:31.484   554   554 I SurfaceFlinger: screenshot (Background for -SurfaceView - com.testapp.multiad/com.godot.game.GodotApp#0)
11-27 20:46:31.484   554   554 I SurfaceFlinger: screenshot (SurfaceView - com.testapp.multiad/com.godot.game.GodotApp#0)
11-27 20:46:31.484   554   554 I SurfaceFlinger: screenshot (com.testapp.multiad/com.godot.game.GodotApp#0)
11-27 20:46:31.600   554   554 I SurfaceFlinger: screenshot (Background for -SurfaceView - com.testapp.multiad/com.godot.game.GodotApp#0)
11-27 20:46:31.600   554   554 I SurfaceFlinger: screenshot (SurfaceView - com.testapp.multiad/com.godot.game.GodotApp#0)
11-27 20:46:31.600   554   554 I SurfaceFlinger: screenshot (com.testapp.multiad/com.godot.game.GodotApp#0)
11-27 20:46:31.611   554  2101 I BufferQueueProducer: [com.testapp.multiad/com.godot.game.GodotApp#0](this:0x73ac158000,id:31,api:1,p:29614,c:554) queueBuffer: fps=1.34 dur=4489.15 max=3509.45 min=2.72
11-27 20:46:31.628   554  2101 I BufferQueueProducer: [SurfaceView - com.testapp.multiad/com.godot.game.GodotApp#0](this:0x73ac15d800,id:33,api:1,p:29614,c:554) queueBuffer: fps=59.37 dur=1010.67 max=31.06 min=15.32
11-27 20:46:31.702   554   554 I SurfaceFlinger: screenshot (Background for -SurfaceView - com.testapp.multiad/com.godot.game.GodotApp#0)
11-27 20:46:31.702   554   554 I SurfaceFlinger: screenshot (SurfaceView - com.testapp.multiad/com.godot.game.GodotApp#0)
11-27 20:46:31.702   554   554 I SurfaceFlinger: screenshot (com.testapp.multiad/com.godot.game.GodotApp#0)
11-27 20:46:31.819   554   554 I SurfaceFlinger: screenshot (Background for -SurfaceView - com.testapp.multiad/com.godot.game.GodotApp#0)
11-27 20:46:31.819   554   554 I SurfaceFlinger: screenshot (SurfaceView - com.testapp.multiad/com.godot.game.GodotApp#0)
11-27 20:46:31.819   554   554 I SurfaceFlinger: screenshot (com.testapp.multiad/com.godot.game.GodotApp#0)
11-27 20:46:31.934   554   554 I SurfaceFlinger: screenshot (Background for -SurfaceView - com.testapp.multiad/com.godot.game.GodotApp#0)
11-27 20:46:31.934   554   554 I SurfaceFlinger: screenshot (SurfaceView - com.testapp.multiad/com.godot.game.GodotApp#0)
11-27 20:46:31.934   554   554 I SurfaceFlinger: screenshot (com.testapp.multiad/com.godot.game.GodotApp#0)
11-27 20:46:32.035   554   554 I SurfaceFlinger: screenshot (Background for -SurfaceView - com.testapp.multiad/com.godot.game.GodotApp#0)
11-27 20:46:32.035   554   554 I SurfaceFlinger: screenshot (SurfaceView - com.testapp.multiad/com.godot.game.GodotApp#0)
11-27 20:46:32.035   554   554 I SurfaceFlinger: screenshot (com.testapp.multiad/com.godot.game.GodotApp#0)
11-27 20:46:32.149   554   554 I SurfaceFlinger: screenshot (Background for -SurfaceView - com.testapp.multiad/com.godot.game.GodotApp#0)
11-27 20:46:32.149   554   554 I SurfaceFlinger: screenshot (SurfaceView - com.testapp.multiad/com.godot.game.GodotApp#0)
11-27 20:46:32.149   554   554 I SurfaceFlinger: screenshot (com.testapp.multiad/com.godot.game.GodotApp#0)
11-27 20:46:32.265   554   554 I SurfaceFlinger: screenshot (Background for -SurfaceView - com.testapp.multiad/com.godot.game.GodotApp#0)
11-27 20:46:32.265   554   554 I SurfaceFlinger: screenshot (SurfaceView - com.testapp.multiad/com.godot.game.GodotApp#0)
11-27 20:46:32.265   554   554 I SurfaceFlinger: screenshot (com.testapp.multiad/com.godot.game.GodotApp#0)
11-27 20:46:32.381   554   554 I SurfaceFlinger: screenshot (Background for -SurfaceView - com.testapp.multiad/com.godot.game.GodotApp#0)
11-27 20:46:32.381   554   554 I SurfaceFlinger: screenshot (SurfaceView - com.testapp.multiad/com.godot.game.GodotApp#0)
11-27 20:46:32.381   554   554 I SurfaceFlinger: screenshot (com.testapp.multiad/com.godot.game.GodotApp#0)
11-27 20:46:32.497   554   554 I SurfaceFlinger: screenshot (Background for -SurfaceView - com.testapp.multiad/com.godot.game.GodotApp#0)
11-27 20:46:32.497   554   554 I SurfaceFlinger: screenshot (SurfaceView - com.testapp.multiad/com.godot.game.GodotApp#0)
11-27 20:46:32.497   554   554 I SurfaceFlinger: screenshot (com.testapp.multiad/com.godot.game.GodotApp#0)
11-27 20:46:32.597   554   554 I SurfaceFlinger: screenshot (Background for -SurfaceView - com.testapp.multiad/com.godot.game.GodotApp#0)
11-27 20:46:32.597   554   554 I SurfaceFlinger: screenshot (SurfaceView - com.testapp.multiad/com.godot.game.GodotApp#0)
11-27 20:46:32.597   554   554 I SurfaceFlinger: screenshot (com.testapp.multiad/com.godot.game.GodotApp#0)
11-27 20:46:32.643   554   615 I BufferQueueProducer: [SurfaceView - com.testapp.multiad/com.godot.game.GodotApp#0](this:0x73ac15d800,id:33,api:1,p:29614,c:554) queueBuffer: fps=53.17 dur=1015.64 max=33.69 min=13.11
11-27 20:46:32.713   554   554 I SurfaceFlinger: screenshot (Background for -SurfaceView - com.testapp.multiad/com.godot.game.GodotApp#0)
11-27 20:46:32.713   554   554 I SurfaceFlinger: screenshot (SurfaceView - com.testapp.multiad/com.godot.game.GodotApp#0)
11-27 20:46:32.713   554   554 I SurfaceFlinger: screenshot (com.testapp.multiad/com.godot.game.GodotApp#0)
11-27 20:46:32.813   554   554 I SurfaceFlinger: screenshot (Background for -SurfaceView - com.testapp.multiad/com.godot.game.GodotApp#0)
11-27 20:46:32.813   554   554 I SurfaceFlinger: screenshot (SurfaceView - com.testapp.multiad/com.godot.game.GodotApp#0)
11-27 20:46:32.814   554   554 I SurfaceFlinger: screenshot (com.testapp.multiad/com.godot.game.GodotApp#0)
11-27 20:46:32.929   554   554 I SurfaceFlinger: screenshot (Background for -SurfaceView - com.testapp.multiad/com.godot.game.GodotApp#0)
11-27 20:46:32.929   554   554 I SurfaceFlinger: screenshot (SurfaceView - com.testapp.multiad/com.godot.game.GodotApp#0)
11-27 20:46:32.929   554   554 I SurfaceFlinger: screenshot (com.testapp.multiad/com.godot.game.GodotApp#0)
11-27 20:46:33.029   554   554 I SurfaceFlinger: screenshot (Background for -SurfaceView - com.testapp.multiad/com.godot.game.GodotApp#0)
11-27 20:46:33.029   554   554 I SurfaceFlinger: screenshot (SurfaceView - com.testapp.multiad/com.godot.game.GodotApp#0)
11-27 20:46:33.029   554   554 I SurfaceFlinger: screenshot (com.testapp.multiad/com.godot.game.GodotApp#0)
11-27 20:46:33.145   554   554 I SurfaceFlinger: screenshot (Background for -SurfaceView - com.testapp.multiad/com.godot.game.GodotApp#0)
11-27 20:46:33.145   554   554 I SurfaceFlinger: screenshot (SurfaceView - com.testapp.multiad/com.godot.game.GodotApp#0)
11-27 20:46:33.145   554   554 I SurfaceFlinger: screenshot (com.testapp.multiad/com.godot.game.GodotApp#0)
11-27 20:46:33.262   554   554 I SurfaceFlinger: screenshot (Background for -SurfaceView - com.testapp.multiad/com.godot.game.GodotApp#0)
11-27 20:46:33.262   554   554 I SurfaceFlinger: screenshot (SurfaceView - com.testapp.multiad/com.godot.game.GodotApp#0)
11-27 20:46:33.262   554   554 I SurfaceFlinger: screenshot (com.testapp.multiad/com.godot.game.GodotApp#0)
11-27 20:46:33.378   554   554 I SurfaceFlinger: screenshot (Background for -SurfaceView - com.testapp.multiad/com.godot.game.GodotApp#0)
11-27 20:46:33.378   554   554 I SurfaceFlinger: screenshot (SurfaceView - com.testapp.multiad/com.godot.game.GodotApp#0)
11-27 20:46:33.378   554   554 I SurfaceFlinger: screenshot (com.testapp.multiad/com.godot.game.GodotApp#0)
11-27 20:46:33.494   554   554 I SurfaceFlinger: screenshot (Background for -SurfaceView - com.testapp.multiad/com.godot.game.GodotApp#0)
11-27 20:46:33.494   554   554 I SurfaceFlinger: screenshot (SurfaceView - com.testapp.multiad/com.godot.game.GodotApp#0)
11-27 20:46:33.494   554   554 I SurfaceFlinger: screenshot (com.testapp.multiad/com.godot.game.GodotApp#0)
11-27 20:46:33.610   554   554 I SurfaceFlinger: screenshot (Background for -SurfaceView - com.testapp.multiad/com.godot.game.GodotApp#0)
11-27 20:46:33.610   554   554 I SurfaceFlinger: screenshot (SurfaceView - com.testapp.multiad/com.godot.game.GodotApp#0)
11-27 20:46:33.610   554   554 I SurfaceFlinger: screenshot (com.testapp.multiad/com.godot.game.GodotApp#0)
11-27 20:46:33.657   554  2252 I BufferQueueProducer: [SurfaceView - com.testapp.multiad/com.godot.game.GodotApp#0](this:0x73ac15d800,id:33,api:1,p:29614,c:554) queueBuffer: fps=52.28 dur=1013.84 max=33.62 min=15.58
11-27 20:46:33.727   554   554 I SurfaceFlinger: screenshot (Background for -SurfaceView - com.testapp.multiad/com.godot.game.GodotApp#0)
11-27 20:46:33.727   554   554 I SurfaceFlinger: screenshot (SurfaceView - com.testapp.multiad/com.godot.game.GodotApp#0)
11-27 20:46:33.727   554   554 I SurfaceFlinger: screenshot (com.testapp.multiad/com.godot.game.GodotApp#0)
11-27 20:46:33.843   554   554 I SurfaceFlinger: screenshot (Background for -SurfaceView - com.testapp.multiad/com.godot.game.GodotApp#0)
11-27 20:46:33.843   554   554 I SurfaceFlinger: screenshot (SurfaceView - com.testapp.multiad/com.godot.game.GodotApp#0)
11-27 20:46:33.843   554   554 I SurfaceFlinger: screenshot (com.testapp.multiad/com.godot.game.GodotApp#0)
11-27 20:46:33.943   554   554 I SurfaceFlinger: screenshot (Background for -SurfaceView - com.testapp.multiad/com.godot.game.GodotApp#0)
11-27 20:46:33.943   554   554 I SurfaceFlinger: screenshot (SurfaceView - com.testapp.multiad/com.godot.game.GodotApp#0)
11-27 20:46:33.943   554   554 I SurfaceFlinger: screenshot (com.testapp.multiad/com.godot.game.GodotApp#0)
11-27 20:46:34.043   554   554 I SurfaceFlinger: screenshot (Background for -SurfaceView - com.testapp.multiad/com.godot.game.GodotApp#0)
11-27 20:46:34.043   554   554 I SurfaceFlinger: screenshot (SurfaceView - com.testapp.multiad/com.godot.game.GodotApp#0)
11-27 20:46:34.043   554   554 I SurfaceFlinger: screenshot (com.testapp.multiad/com.godot.game.GodotApp#0)
11-27 20:46:34.158   554   554 I SurfaceFlinger: screenshot (Background for -SurfaceView - com.testapp.multiad/com.godot.game.GodotApp#0)
11-27 20:46:34.159   554   554 I SurfaceFlinger: screenshot (SurfaceView - com.testapp.multiad/com.godot.game.GodotApp#0)
11-27 20:46:34.159   554   554 I SurfaceFlinger: screenshot (com.testapp.multiad/com.godot.game.GodotApp#0)
11-27 20:46:34.259   554   554 I SurfaceFlinger: screenshot (Background for -SurfaceView - com.testapp.multiad/com.godot.game.GodotApp#0)
11-27 20:46:34.259   554   554 I SurfaceFlinger: screenshot (SurfaceView - com.testapp.multiad/com.godot.game.GodotApp#0)
11-27 20:46:34.259   554   554 I SurfaceFlinger: screenshot (com.testapp.multiad/com.godot.game.GodotApp#0)
11-27 20:46:34.374   554   554 I SurfaceFlinger: screenshot (Background for -SurfaceView - com.testapp.multiad/com.godot.game.GodotApp#0)
11-27 20:46:34.375   554   554 I SurfaceFlinger: screenshot (SurfaceView - com.testapp.multiad/com.godot.game.GodotApp#0)
11-27 20:46:34.375   554   554 I SurfaceFlinger: screenshot (com.testapp.multiad/com.godot.game.GodotApp#0)
11-27 20:46:34.491   554   554 I SurfaceFlinger: screenshot (Background for -SurfaceView - com.testapp.multiad/com.godot.game.GodotApp#0)
11-27 20:46:34.491   554   554 I SurfaceFlinger: screenshot (SurfaceView - com.testapp.multiad/com.godot.game.GodotApp#0)
11-27 20:46:34.491   554   554 I SurfaceFlinger: screenshot (com.testapp.multiad/com.godot.game.GodotApp#0)
11-27 20:46:34.607   554   554 I SurfaceFlinger: screenshot (Background for -SurfaceView - com.testapp.multiad/com.godot.game.GodotApp#0)
11-27 20:46:34.607   554   554 I SurfaceFlinger: screenshot (SurfaceView - com.testapp.multiad/com.godot.game.GodotApp#0)
11-27 20:46:34.607   554   554 I SurfaceFlinger: screenshot (com.testapp.multiad/com.godot.game.GodotApp#0)
11-27 20:46:34.671   554  2101 I BufferQueueProducer: [SurfaceView - com.testapp.multiad/com.godot.game.GodotApp#0](this:0x73ac15d800,id:33,api:1,p:29614,c:554) queueBuffer: fps=52.30 dur=1013.43 max=34.19 min=15.45
11-27 20:46:34.724   554   554 I SurfaceFlinger: screenshot (Background for -SurfaceView - com.testapp.multiad/com.godot.game.GodotApp#0)
11-27 20:46:34.724   554   554 I SurfaceFlinger: screenshot (SurfaceView - com.testapp.multiad/com.godot.game.GodotApp#0)
11-27 20:46:34.724   554   554 I SurfaceFlinger: screenshot (com.testapp.multiad/com.godot.game.GodotApp#0)
11-27 20:46:34.840   554   554 I SurfaceFlinger: screenshot (Background for -SurfaceView - com.testapp.multiad/com.godot.game.GodotApp#0)
11-27 20:46:34.840   554   554 I SurfaceFlinger: screenshot (SurfaceView - com.testapp.multiad/com.godot.game.GodotApp#0)
11-27 20:46:34.840   554   554 I SurfaceFlinger: screenshot (com.testapp.multiad/com.godot.game.GodotApp#0)
11-27 20:46:34.956   554   554 I SurfaceFlinger: screenshot (Background for -SurfaceView - com.testapp.multiad/com.godot.game.GodotApp#0)
11-27 20:46:34.956   554   554 I SurfaceFlinger: screenshot (SurfaceView - com.testapp.multiad/com.godot.game.GodotApp#0)
11-27 20:46:34.956   554   554 I SurfaceFlinger: screenshot (com.testapp.multiad/com.godot.game.GodotApp#0)
11-27 20:46:35.072   554   554 I SurfaceFlinger: screenshot (Background for -SurfaceView - com.testapp.multiad/com.godot.game.GodotApp#0)
11-27 20:46:35.072   554   554 I SurfaceFlinger: screenshot (SurfaceView - com.testapp.multiad/com.godot.game.GodotApp#0)
11-27 20:46:35.072   554   554 I SurfaceFlinger: screenshot (com.testapp.multiad/com.godot.game.GodotApp#0)
11-27 20:46:35.189   554   554 I SurfaceFlinger: screenshot (Background for -SurfaceView - com.testapp.multiad/com.godot.game.GodotApp#0)
11-27 20:46:35.189   554   554 I SurfaceFlinger: screenshot (SurfaceView - com.testapp.multiad/com.godot.game.GodotApp#0)
11-27 20:46:35.189   554   554 I SurfaceFlinger: screenshot (com.testapp.multiad/com.godot.game.GodotApp#0)
11-27 20:46:35.305   554   554 I SurfaceFlinger: screenshot (Background for -SurfaceView - com.testapp.multiad/com.godot.game.GodotApp#0)
11-27 20:46:35.305   554   554 I SurfaceFlinger: screenshot (SurfaceView - com.testapp.multiad/com.godot.game.GodotApp#0)
11-27 20:46:35.305   554   554 I SurfaceFlinger: screenshot (com.testapp.multiad/com.godot.game.GodotApp#0)
11-27 20:46:35.421   554   554 I SurfaceFlinger: screenshot (Background for -SurfaceView - com.testapp.multiad/com.godot.game.GodotApp#0)
11-27 20:46:35.421   554   554 I SurfaceFlinger: screenshot (SurfaceView - com.testapp.multiad/com.godot.game.GodotApp#0)
11-27 20:46:35.421   554   554 I SurfaceFlinger: screenshot (com.testapp.multiad/com.godot.game.GodotApp#0)
11-27 20:46:35.538   554   554 I SurfaceFlinger: screenshot (Background for -SurfaceView - com.testapp.multiad/com.godot.game.GodotApp#0)
11-27 20:46:35.538   554   554 I SurfaceFlinger: screenshot (SurfaceView - com.testapp.multiad/com.godot.game.GodotApp#0)
11-27 20:46:35.538   554   554 I SurfaceFlinger: screenshot (com.testapp.multiad/com.godot.game.GodotApp#0)
