11-27 20:46:49.794   554   554 I SurfaceFlinger: screenshot (SurfaceView - com.testapp.multiad/com.godot.game.GodotApp#0)
11-27 20:46:49.795   554   554 I SurfaceFlinger: screenshot (com.testapp.multiad/com.godot.game.GodotApp#0)
11-27 20:46:49.889   554   613 I BufferQueueProducer: [SurfaceView - com.testapp.multiad/com.godot.game.GodotApp#0](this:0x73ac15d800,id:33,api:1,p:29614,c:554) queueBuffer: fps=43.44 dur=1012.87 max=50.48 min=12.96
11-27 20:46:49.895   554   554 I SurfaceFlinger: screenshot (Background for -SurfaceView - com.testapp.multiad/com.godot.game.GodotApp#0)
11-27 20:46:49.895   554   554 I SurfaceFlinger: screenshot (SurfaceView - com.testapp.multiad/com.godot.game.GodotApp#0)
11-27 20:46:49.895   554   554 I SurfaceFlinger: screenshot (com.testapp.multiad/com.godot.game.GodotApp#0)
11-27 20:46:50.011   554   554 I SurfaceFlinger: screenshot (Background for -SurfaceView - com.testapp.multiad/com.godot.game.GodotApp#0)
11-27 20:46:50.011   554   554 I SurfaceFlinger: screenshot (SurfaceView - com.testapp.multiad/com.godot.game.GodotApp#0)
11-27 20:46:50.011   554   554 I SurfaceFlinger: screenshot (com.testapp.multiad/com.godot.game.GodotApp#0)
11-27 20:46:50.111   554   554 I SurfaceFlinger: screenshot (Background for -SurfaceView - com.testapp.multiad/com.godot.game.GodotApp#0)
11-27 20:46:50.111   554   554 I SurfaceFlinger: screenshot (SurfaceView - com.testapp.multiad/com.godot.game.GodotApp#0)
11-27 20:46:50.111   554   554 I SurfaceFlinger: screenshot (com.testapp.multiad/com.godot.game.GodotApp#0)
11-27 20:46:50.227   554   554 I SurfaceFlinger: screenshot (Background for -SurfaceView - com.testapp.multiad/com.godot.game.GodotApp#0)
11-27 20:46:50.227   554   554 I SurfaceFlinger: screenshot (SurfaceView - com.testapp.multiad/com.godot.game.GodotApp#0)
11-27 20:46:50.227   554   554 I SurfaceFlinger: screenshot (com.testapp.multiad/com.godot.game.GodotApp#0)
11-27 20:46:50.342   554   554 I SurfaceFlinger: screenshot (Background for -SurfaceView - com.testapp.multiad/com.godot.game.GodotApp#0)
11-27 20:46:50.343   554   554 I SurfaceFlinger: screenshot (SurfaceView - com.testapp.multiad/com.godot.game.GodotApp#0)
11-27 20:46:50.343   554   554 I SurfaceFlinger: screenshot (com.testapp.multiad/com.godot.game.GodotApp#0)
11-27 20:46:50.443   554   554 I SurfaceFlinger: screenshot (Background for -SurfaceView - com.testapp.multiad/com.godot.game.GodotApp#0)
11-27 20:46:50.443   554   554 I SurfaceFlinger: screenshot (SurfaceView - com.testapp.multiad/com.godot.game.GodotApp#0)
11-27 20:46:50.443   554   554 I SurfaceFlinger: screenshot (com.testapp.multiad/com.godot.game.GodotApp#0)
11-27 20:46:50.559   554   554 I SurfaceFlinger: screenshot (Background for -SurfaceView - com.testapp.multiad/com.godot.game.GodotApp#0)
11-27 20:46:50.559   554   554 I SurfaceFlinger: screenshot (SurfaceView - com.testapp.multiad/com.godot.game.GodotApp#0)
11-27 20:46:50.559   554   554 I SurfaceFlinger: screenshot (com.testapp.multiad/com.godot.game.GodotApp#0)
11-27 20:46:50.674   554   554 I SurfaceFlinger: screenshot (Background for -SurfaceView - com.testapp.multiad/com.godot.game.GodotApp#0)
11-27 20:46:50.674   554   554 I SurfaceFlinger: screenshot (SurfaceView - com.testapp.multiad/com.godot.game.GodotApp#0)
11-27 20:46:50.675   554   554 I SurfaceFlinger: screenshot (com.testapp.multiad/com.godot.game.GodotApp#0)
11-27 20:46:50.790   554   554 I SurfaceFlinger: screenshot (Background for -SurfaceView - com.testapp.multiad/com.godot.game.GodotApp#0)
11-27 20:46:50.791   554   554 I SurfaceFlinger: screenshot (SurfaceView - com.testapp.multiad/com.godot.game.GodotApp#0)
11-27 20:46:50.791   554   554 I SurfaceFlinger: screenshot (com.testapp.multiad/com.godot.game.GodotApp#0)
11-27 20:46:50.904   554  2252 I BufferQueueProducer: [SurfaceView - com.testapp.multiad/com.godot.game.GodotApp#0](this:0x73ac15d800,id:33,api:1,p:29614,c:554) queueBuffer: fps=51.25 dur=1014.67 max=34.13 min=14.87
11-27 20:46:50.908   554   554 I SurfaceFlinger: screenshot (Background for -SurfaceView - com.testapp.multiad/com.godot.game.GodotApp#0)
11-27 20:46:50.909   554   554 I SurfaceFlinger: screenshot (SurfaceView - com.testapp.multiad/com.godot.game.GodotApp#0)
11-27 20:46:50.909   554   554 I SurfaceFlinger: screenshot (com.testapp.multiad/com.godot.game.GodotApp#0)
11-27 20:46:51.023   554   554 I SurfaceFlinger: screenshot (Background for -SurfaceView - com.testapp.multiad/com.godot.game.GodotApp#0)
11-27 20:46:51.023   554   554 I SurfaceFlinger: screenshot (SurfaceView - com.testapp.multiad/com.godot.game.GodotApp#0)
11-27 20:46:51.023   554   554 I SurfaceFlinger: screenshot (com.testapp.multiad/com.godot.game.GodotApp#0)
11-27 20:46:51.124   554   554 I SurfaceFlinger: screenshot (Background for -SurfaceView - com.testapp.multiad/com.godot.game.GodotApp#0)
11-27 20:46:51.124   554   554 I SurfaceFlinger: screenshot (SurfaceView - com.testapp.multiad/com.godot.game.GodotApp#0)
11-27 20:46:51.124   554   554 I SurfaceFlinger: screenshot (com.testapp.multiad/com.godot.game.GodotApp#0)
11-27 20:46:51.240   554   554 I SurfaceFlinger: screenshot (Background for -SurfaceView - com.testapp.multiad/com.godot.game.GodotApp#0)
11-27 20:46:51.240   554   554 I SurfaceFlinger: screenshot (SurfaceView - com.testapp.multiad/com.godot.game.GodotApp#0)
11-27 20:46:51.240   554   554 I SurfaceFlinger: screenshot (com.testapp.multiad/com.godot.game.GodotApp#0)
11-27 20:46:51.340   554   554 I SurfaceFlinger: screenshot (Background for -SurfaceView - com.testapp.multiad/com.godot.game.GodotApp#0)
11-27 20:46:51.340   554   554 I SurfaceFlinger: screenshot (SurfaceView - com.testapp.multiad/com.godot.game.GodotApp#0)
11-27 20:46:51.340   554   554 I SurfaceFlinger: screenshot (com.testapp.multiad/com.godot.game.GodotApp#0)
11-27 20:46:51.455   554   554 I SurfaceFlinger: screenshot (Background for -SurfaceView - com.testapp.multiad/com.godot.game.GodotApp#0)
11-27 20:46:51.455   554   554 I SurfaceFlinger: screenshot (SurfaceView - com.testapp.multiad/com.godot.game.GodotApp#0)
11-27 20:46:51.455   554   554 I SurfaceFlinger: screenshot (com.testapp.multiad/com.godot.game.GodotApp#0)
11-27 20:46:51.556   554   554 I SurfaceFlinger: screenshot (Background for -SurfaceView - com.testapp.multiad/com.godot.game.GodotApp#0)
11-27 20:46:51.556   554   554 I SurfaceFlinger: screenshot (SurfaceView - com.testapp.multiad/com.godot.game.GodotApp#0)
11-27 20:46:51.556   554   554 I SurfaceFlinger: screenshot (com.testapp.multiad/com.godot.game.GodotApp#0)
11-27 20:46:51.672   554   554 I SurfaceFlinger: screenshot (Background for -SurfaceView - com.testapp.multiad/com.godot.game.GodotApp#0)
11-27 20:46:51.672   554   554 I SurfaceFlinger: screenshot (SurfaceView - com.testapp.multiad/com.godot.game.GodotApp#0)
11-27 20:46:51.672   554   554 I SurfaceFlinger: screenshot (com.testapp.multiad/com.godot.game.GodotApp#0)
11-27 20:46:51.788   554   554 I SurfaceFlinger: screenshot (Background for -SurfaceView - com.testapp.multiad/com.godot.game.GodotApp#0)
11-27 20:46:51.788   554   554 I SurfaceFlinger: screenshot (SurfaceView - com.testapp.multiad/com.godot.game.GodotApp#0)
11-27 20:46:51.788   554   554 I SurfaceFlinger: screenshot (com.testapp.multiad/com.godot.game.GodotApp#0)
11-27 20:46:51.905   554   554 I SurfaceFlinger: screenshot (Background for -SurfaceView - com.testapp.multiad/com.godot.game.GodotApp#0)
11-27 20:46:51.905   554   554 I SurfaceFlinger: screenshot (SurfaceView - com.testapp.multiad/com.godot.game.GodotApp#0)
11-27 20:46:51.905   554   554 I SurfaceFlinger: screenshot (com.testapp.multiad/com.godot.game.GodotApp#0)
11-27 20:46:51.917   554   615 I BufferQueueProducer: [SurfaceView - com.testapp.multiad/com.godot.game.GodotApp#0](this:0x73ac15d800,id:33,api:1,p:29614,c:554) queueBuffer: fps=51.34 dur=1012.83 max=33.57 min=15.76
11-27 20:46:52.005   554   554 I SurfaceFlinger: screenshot (Background for -SurfaceView - com.testapp.multiad/com.godot.game.GodotApp#0)
11-27 20:46:52.005   554   554 I SurfaceFlinger: screenshot (SurfaceView - com.testapp.multiad/com.godot.game.GodotApp#0)
11-27 20:46:52.005   554   554 I SurfaceFlinger: screenshot (com.testapp.multiad/com.godot.game.GodotApp#0)
11-27 20:46:52.125   554   554 I SurfaceFlinger: screenshot (Background for -SurfaceView - com.testapp.multiad/com.godot.game.GodotApp#0)
11-27 20:46:52.125   554   554 I SurfaceFlinger: screenshot (SurfaceView - com.testapp.multiad/com.godot.game.GodotApp#0)
11-27 20:46:52.125   554   554 I SurfaceFlinger: screenshot (com.testapp.multiad/com.godot.game.GodotApp#0)
11-27 20:46:52.133 29614 29614 W godot   : YandexAds: onRewarded! currency: Reward amount: 1
11-27 20:46:52.138 29614 29658 I godot   : 🎉 Yandex reward: 1 Reward
11-27 20:46:52.138 29614 29658 I godot   : 📝 Status: Yandex reward: 1 Reward
11-27 20:46:52.237   554   554 I SurfaceFlinger: screenshot (Background for -SurfaceView - com.testapp.multiad/com.godot.game.GodotApp#0)
11-27 20:46:52.238   554   554 I SurfaceFlinger: screenshot (SurfaceView - com.testapp.multiad/com.godot.game.GodotApp#0)
11-27 20:46:52.238   554   554 I SurfaceFlinger: screenshot (com.testapp.multiad/com.godot.game.GodotApp#0)
11-27 20:46:52.352   554   554 I SurfaceFlinger: screenshot (Background for -SurfaceView - com.testapp.multiad/com.godot.game.GodotApp#0)
11-27 20:46:52.352   554   554 I SurfaceFlinger: screenshot (SurfaceView - com.testapp.multiad/com.godot.game.GodotApp#0)
11-27 20:46:52.353   554   554 I SurfaceFlinger: screenshot (com.testapp.multiad/com.godot.game.GodotApp#0)
11-27 20:46:52.453   554   554 I SurfaceFlinger: screenshot (Background for -SurfaceView - com.testapp.multiad/com.godot.game.GodotApp#0)
11-27 20:46:52.453   554   554 I SurfaceFlinger: screenshot (SurfaceView - com.testapp.multiad/com.godot.game.GodotApp#0)
11-27 20:46:52.453   554   554 I SurfaceFlinger: screenshot (com.testapp.multiad/com.godot.game.GodotApp#0)
11-27 20:46:52.568   554   554 I SurfaceFlinger: screenshot (Background for -SurfaceView - com.testapp.multiad/com.godot.game.GodotApp#0)
11-27 20:46:52.568   554   554 I SurfaceFlinger: screenshot (SurfaceView - com.testapp.multiad/com.godot.game.GodotApp#0)
11-27 20:46:52.568   554   554 I SurfaceFlinger: screenshot (com.testapp.multiad/com.godot.game.GodotApp#0)
11-27 20:46:52.624 29614 29809 I YandexAds: [Integration] Ad type rewarded was integrated successfully
11-27 20:46:52.634 29614 29614 W godot   : YandexAds: onRewardedVideoAdLoaded
11-27 20:46:52.651 29614 29658 I godot   : ✅ Yandex rewarded loaded
11-27 20:46:52.651 29614 29658 I godot   : 📝 Status: Yandex rewarded ready!
11-27 20:46:52.684   554   554 I SurfaceFlinger: screenshot (Background for -SurfaceView - com.testapp.multiad/com.godot.game.GodotApp#0)
11-27 20:46:52.685   554   554 I SurfaceFlinger: screenshot (SurfaceView - com.testapp.multiad/com.godot.game.GodotApp#0)
11-27 20:46:52.685   554   554 I SurfaceFlinger: screenshot (com.testapp.multiad/com.godot.game.GodotApp#0)
11-27 20:46:52.784   554   554 I SurfaceFlinger: screenshot (Background for -SurfaceView - com.testapp.multiad/com.godot.game.GodotApp#0)
11-27 20:46:52.785   554   554 I SurfaceFlinger: screenshot (SurfaceView - com.testapp.multiad/com.godot.game.GodotApp#0)
11-27 20:46:52.785   554   554 I SurfaceFlinger: screenshot (com.testapp.multiad/com.godot.game.GodotApp#0)
11-27 20:46:52.884   554   554 I SurfaceFlinger: screenshot (Background for -SurfaceView - com.testapp.multiad/com.godot.game.GodotApp#0)
11-27 20:46:52.885   554   554 I SurfaceFlinger: screenshot (SurfaceView - com.testapp.multiad/com.godot.game.GodotApp#0)
11-27 20:46:52.885   554   554 I SurfaceFlinger: screenshot (com.testapp.multiad/com.godot.game.GodotApp#0)
11-27 20:46:52.947   554  2252 I BufferQueueProducer: [SurfaceView - com.testapp.multiad/com.godot.game.GodotApp#0](this:0x73ac15d800,id:33,api:1,p:29614,c:554) queueBuffer: fps=43.69 dur=1030.06 max=50.11 min=13.90
11-27 20:46:53.000   554   554 I SurfaceFlinger: screenshot (Background for -SurfaceView - com.testapp.multiad/com.godot.game.GodotApp#0)
11-27 20:46:53.000   554   554 I SurfaceFlinger: screenshot (SurfaceView - com.testapp.multiad/com.godot.game.GodotApp#0)
11-27 20:46:53.000   554   554 I SurfaceFlinger: screenshot (com.testapp.multiad/com.godot.game.GodotApp#0)
11-27 20:46:53.117   554   554 I SurfaceFlinger: screenshot (Background for -SurfaceView - com.testapp.multiad/com.godot.game.GodotApp#0)
11-27 20:46:53.117   554   554 I SurfaceFlinger: screenshot (SurfaceView - com.testapp.multiad/com.godot.game.GodotApp#0)
11-27 20:46:53.117   554   554 I SurfaceFlinger: screenshot (com.testapp.multiad/com.godot.game.GodotApp#0)
11-27 20:46:53.233   554   554 I SurfaceFlinger: screenshot (Background for -SurfaceView - com.testapp.multiad/com.godot.game.GodotApp#0)
11-27 20:46:53.233   554   554 I SurfaceFlinger: screenshot (SurfaceView - com.testapp.multiad/com.godot.game.GodotApp#0)
11-27 20:46:53.233   554   554 I SurfaceFlinger: screenshot (com.testapp.multiad/com.godot.game.GodotApp#0)
11-27 20:46:53.349   554   554 I SurfaceFlinger: screenshot (Background for -SurfaceView - com.testapp.multiad/com.godot.game.GodotApp#0)
11-27 20:46:53.349   554   554 I SurfaceFlinger: screenshot (SurfaceView - com.testapp.multiad/com.godot.game.GodotApp#0)
11-27 20:46:53.349   554   554 I SurfaceFlinger: screenshot (com.testapp.multiad/com.godot.game.GodotApp#0)
11-27 20:46:53.465   554   554 I SurfaceFlinger: screenshot (Background for -SurfaceView - com.testapp.multiad/com.godot.game.GodotApp#0)
11-27 20:46:53.465   554   554 I SurfaceFlinger: screenshot (SurfaceView - com.testapp.multiad/com.godot.game.GodotApp#0)
11-27 20:46:53.466   554   554 I SurfaceFlinger: screenshot (com.testapp.multiad/com.godot.game.GodotApp#0)
11-27 20:46:53.566   554   554 I SurfaceFlinger: screenshot (Background for -SurfaceView - com.testapp.multiad/com.godot.game.GodotApp#0)
11-27 20:46:53.566   554   554 I SurfaceFlinger: screenshot (SurfaceView - com.testapp.multiad/com.godot.game.GodotApp#0)
11-27 20:46:53.567   554   554 I SurfaceFlinger: screenshot (com.testapp.multiad/com.godot.game.GodotApp#0)
11-27 20:46:53.682   554   554 I SurfaceFlinger: screenshot (Background for -SurfaceView - com.testapp.multiad/com.godot.game.GodotApp#0)
11-27 20:46:53.682   554   554 I SurfaceFlinger: screenshot (SurfaceView - com.testapp.multiad/com.godot.game.GodotApp#0)
11-27 20:46:53.682   554   554 I SurfaceFlinger: screenshot (com.testapp.multiad/com.godot.game.GodotApp#0)
11-27 20:46:53.782   554   554 I SurfaceFlinger: screenshot (Background for -SurfaceView - com.testapp.multiad/com.godot.game.GodotApp#0)
11-27 20:46:53.782   554   554 I SurfaceFlinger: screenshot (SurfaceView - com.testapp.multiad/com.godot.game.GodotApp#0)
11-27 20:46:53.782   554   554 I SurfaceFlinger: screenshot (com.testapp.multiad/com.godot.game.GodotApp#0)
11-27 20:46:53.898   554   554 I SurfaceFlinger: screenshot (Background for -SurfaceView - com.testapp.multiad/com.godot.game.GodotApp#0)
11-27 20:46:53.898   554   554 I SurfaceFlinger: screenshot (SurfaceView - com.testapp.multiad/com.godot.game.GodotApp#0)
11-27 20:46:53.898   554   554 I SurfaceFlinger: screenshot (com.testapp.multiad/com.godot.game.GodotApp#0)
11-27 20:46:53.921  1305  3260 D PowerHalWrapper: amsBoostNotify pid:29614,activity:com.godot.game.GodotApp, package:com.testapp.multiad, mProcessCreatePackcom.testapp.multiad
11-27 20:46:53.948 29614 29614 V Godot   : OnResume: GodotFragment{6355a97} (15ffd5f6-5757-4889-a979-344f1168a77d id=0x7f090091)
11-27 20:46:53.952  1735  1735 D RecentsImpl: mActivityStateObserver com.godot.game.GodotApp
11-27 20:46:53.952  1735  1735 W RecentsImpl: onResumed className=com.godot.game.GodotApp   mIsInAnotherPro=false
11-27 20:46:53.960   554  1212 I BufferQueueProducer: [SurfaceView - com.testapp.multiad/com.godot.game.GodotApp#0](this:0x73ac15d800,id:33,api:1,p:29614,c:554) queueBuffer: fps=40.45 dur=1013.52 max=50.09 min=14.49
11-27 20:46:53.978   554   615 I BufferQueueProducer: [com.testapp.multiad/com.godot.game.GodotApp#0](this:0x73ac158000,id:31,api:1,p:29614,c:554) disconnect(P): api 1
11-27 20:46:53.979   554   615 I BufferQueueProducer: [com.testapp.multiad/com.godot.game.GodotApp#0](this:0x73ac158000,id:31,api:1,p:29614,c:554) connect(P): api=1 producer=(29614:com.testapp.multiad) producerControlledByApp=false
11-27 20:46:53.989   554   613 I BufferQueueProducer: [com.testapp.multiad/com.godot.game.GodotApp#0](this:0x73ac158000,id:31,api:1,p:29614,c:554) queueBuffer: fps=0.80 dur=22377.87 max=21878.77 min=8.04
11-27 20:46:53.991  1305  2488 D PerfShielderService: com.testapp.multiad|com.testapp.multiad/com.godot.game.GodotApp|310|578955565572|164|3|2
11-27 20:46:53.992  2565  5833 W MiuiPerfServiceClient: interceptAndQueuing:29614|com.testapp.multiad|310|164|unknown|null|com.testapp.multiad/com.godot.game.GodotApp|578955565572|Slow handle traversal|2
11-27 20:46:54.007   554   554 I SurfaceFlinger: screenshot (Background for -SurfaceView - com.testapp.multiad/com.godot.game.GodotApp#0)
11-27 20:46:54.007   554   554 I SurfaceFlinger: screenshot (SurfaceView - com.testapp.multiad/com.godot.game.GodotApp#0)
11-27 20:46:54.007   554   554 I SurfaceFlinger: screenshot (com.testapp.multiad/com.godot.game.GodotApp#0)
11-27 20:46:54.123   554   554 I SurfaceFlinger: screenshot (Background for -SurfaceView - com.testapp.multiad/com.godot.game.GodotApp#0)
11-27 20:46:54.123   554   554 I SurfaceFlinger: screenshot (SurfaceView - com.testapp.multiad/com.godot.game.GodotApp#0)
11-27 20:46:54.123   554   554 I SurfaceFlinger: screenshot (com.testapp.multiad/com.godot.game.GodotApp#0)
11-27 20:46:54.144 29614 29614 W godot   : YandexAds: onRewardedVideoAdDismissed
11-27 20:46:54.223   554   554 I SurfaceFlinger: screenshot (Background for -SurfaceView - com.testapp.multiad/com.godot.game.GodotApp#0)
11-27 20:46:54.223   554   554 I SurfaceFlinger: screenshot (SurfaceView - com.testapp.multiad/com.godot.game.GodotApp#0)
11-27 20:46:54.223   554   554 I SurfaceFlinger: screenshot (com.testapp.multiad/com.godot.game.GodotApp#0)
11-27 20:46:54.287 29614 29643 W RenderInspector: QueueBuffer time out on com.testapp.multiad/com.godot.game.GodotApp, count=2, avg=18 ms, max=20 ms.
11-27 20:46:54.330   554   554 I SurfaceFlinger: screenshot (Background for -SurfaceView - com.testapp.multiad/com.godot.game.GodotApp#0)
11-27 20:46:54.330   554   554 I SurfaceFlinger: screenshot (SurfaceView - com.testapp.multiad/com.godot.game.GodotApp#0)
11-27 20:46:54.330   554   554 I SurfaceFlinger: screenshot (com.testapp.multiad/com.godot.game.GodotApp#0)
11-27 20:46:54.445   554   554 I SurfaceFlinger: screenshot (Background for -SurfaceView - com.testapp.multiad/com.godot.game.GodotApp#0)
11-27 20:46:54.445   554   554 I SurfaceFlinger: screenshot (SurfaceView - com.testapp.multiad/com.godot.game.GodotApp#0)
11-27 20:46:54.445   554   554 I SurfaceFlinger: screenshot (com.testapp.multiad/com.godot.game.GodotApp#0)
11-27 20:46:54.561   554   554 I SurfaceFlinger: screenshot (Background for -SurfaceView - com.testapp.multiad/com.godot.game.GodotApp#0)
11-27 20:46:54.561   554   554 I SurfaceFlinger: screenshot (SurfaceView - com.testapp.multiad/com.godot.game.GodotApp#0)
11-27 20:46:54.561   554   554 I SurfaceFlinger: screenshot (com.testapp.multiad/com.godot.game.GodotApp#0)
11-27 20:46:54.677   554   554 I SurfaceFlinger: screenshot (Background for -SurfaceView - com.testapp.multiad/com.godot.game.GodotApp#0)
11-27 20:46:54.677   554   554 I SurfaceFlinger: screenshot (SurfaceView - com.testapp.multiad/com.godot.game.GodotApp#0)
11-27 20:46:54.677   554   554 I SurfaceFlinger: screenshot (com.testapp.multiad/com.godot.game.GodotApp#0)
11-27 20:46:54.794   554   554 I SurfaceFlinger: screenshot (Background for -SurfaceView - com.testapp.multiad/com.godot.game.GodotApp#0)
11-27 20:46:54.795   554   554 I SurfaceFlinger: screenshot (SurfaceView - com.testapp.multiad/com.godot.game.GodotApp#0)
11-27 20:46:54.795   554   554 I SurfaceFlinger: screenshot (com.testapp.multiad/com.godot.game.GodotApp#0)
11-27 20:46:54.912   554   554 I SurfaceFlinger: screenshot (Background for -SurfaceView - com.testapp.multiad/com.godot.game.GodotApp#0)
11-27 20:46:54.913   554   554 I SurfaceFlinger: screenshot (SurfaceView - com.testapp.multiad/com.godot.game.GodotApp#0)
11-27 20:46:54.913   554   554 I SurfaceFlinger: screenshot (com.testapp.multiad/com.godot.game.GodotApp#0)
11-27 20:46:54.974   554  2252 I BufferQueueProducer: [SurfaceView - com.testapp.multiad/com.godot.game.GodotApp#0](this:0x73ac15d800,id:33,api:1,p:29614,c:554) queueBuffer: fps=51.28 dur=1014.04 max=49.91 min=15.56
11-27 20:46:55.026   554   554 I SurfaceFlinger: screenshot (Background for -SurfaceView - com.testapp.multiad/com.godot.game.GodotApp#0)
11-27 20:46:55.026   554   554 I SurfaceFlinger: screenshot (SurfaceView - com.testapp.multiad/com.godot.game.GodotApp#0)
11-27 20:46:55.026   554   554 I SurfaceFlinger: screenshot (com.testapp.multiad/com.godot.game.GodotApp#0)
11-27 20:46:55.143   554   554 I SurfaceFlinger: screenshot (Background for -SurfaceView - com.testapp.multiad/com.godot.game.GodotApp#0)
11-27 20:46:55.143   554   554 I SurfaceFlinger: screenshot (SurfaceView - com.testapp.multiad/com.godot.game.GodotApp#0)
11-27 20:46:55.143   554   554 I SurfaceFlinger: screenshot (com.testapp.multiad/com.godot.game.GodotApp#0)
11-27 20:46:55.260   554   554 I SurfaceFlinger: screenshot (Background for -SurfaceView - com.testapp.multiad/com.godot.game.GodotApp#0)
11-27 20:46:55.260   554   554 I SurfaceFlinger: screenshot (SurfaceView - com.testapp.multiad/com.godot.game.GodotApp#0)
11-27 20:46:55.260   554   554 I SurfaceFlinger: screenshot (com.testapp.multiad/com.godot.game.GodotApp#0)
11-27 20:46:55.361   554   554 I SurfaceFlinger: screenshot (Background for -SurfaceView - com.testapp.multiad/com.godot.game.GodotApp#0)
11-27 20:46:55.361   554   554 I SurfaceFlinger: screenshot (SurfaceView - com.testapp.multiad/com.godot.game.GodotApp#0)
11-27 20:46:55.361   554   554 I SurfaceFlinger: screenshot (com.testapp.multiad/com.godot.game.GodotApp#0)
11-27 20:46:55.476   554   554 I SurfaceFlinger: screenshot (Background for -SurfaceView - com.testapp.multiad/com.godot.game.GodotApp#0)
11-27 20:46:55.476   554   554 I SurfaceFlinger: screenshot (SurfaceView - com.testapp.multiad/com.godot.game.GodotApp#0)
11-27 20:46:55.476   554   554 I SurfaceFlinger: screenshot (com.testapp.multiad/com.godot.game.GodotApp#0)
11-27 20:46:55.593   554   554 I SurfaceFlinger: screenshot (Background for -SurfaceView - com.testapp.multiad/com.godot.game.GodotApp#0)
11-27 20:46:55.593   554   554 I SurfaceFlinger: screenshot (SurfaceView - com.testapp.multiad/com.godot.game.GodotApp#0)
11-27 20:46:55.594   554   554 I SurfaceFlinger: screenshot (com.testapp.multiad/com.godot.game.GodotApp#0)
11-27 20:46:55.708   554   554 I SurfaceFlinger: screenshot (Background for -SurfaceView - com.testapp.multiad/com.godot.game.GodotApp#0)
11-27 20:46:55.708   554   554 I SurfaceFlinger: screenshot (SurfaceView - com.testapp.multiad/com.godot.game.GodotApp#0)
11-27 20:46:55.708   554   554 I SurfaceFlinger: screenshot (com.testapp.multiad/com.godot.game.GodotApp#0)
11-27 20:46:55.808   554   554 I SurfaceFlinger: screenshot (Background for -SurfaceView - com.testapp.multiad/com.godot.game.GodotApp#0)
11-27 20:46:55.808   554   554 I SurfaceFlinger: screenshot (SurfaceView - com.testapp.multiad/com.godot.game.GodotApp#0)
11-27 20:46:55.808   554   554 I SurfaceFlinger: screenshot (com.testapp.multiad/com.godot.game.GodotApp#0)
11-27 20:46:55.923   554   554 I SurfaceFlinger: screenshot (Background for -SurfaceView - com.testapp.multiad/com.godot.game.GodotApp#0)
11-27 20:46:55.923   554   554 I SurfaceFlinger: screenshot (SurfaceView - com.testapp.multiad/com.godot.game.GodotApp#0)
11-27 20:46:55.923   554   554 I SurfaceFlinger: screenshot (com.testapp.multiad/com.godot.game.GodotApp#0)
11-27 20:46:55.988   554  1212 I BufferQueueProducer: [SurfaceView - com.testapp.multiad/com.godot.game.GodotApp#0](this:0x73ac15d800,id:33,api:1,p:29614,c:554) queueBuffer: fps=60.19 dur=1013.51 max=17.35 min=16.03
11-27 20:46:56.042   554   554 I SurfaceFlinger: screenshot (Background for -SurfaceView - com.testapp.multiad/com.godot.game.GodotApp#0)
11-27 20:46:56.042   554   554 I SurfaceFlinger: screenshot (SurfaceView - com.testapp.multiad/com.godot.game.GodotApp#0)
11-27 20:46:56.042   554   554 I SurfaceFlinger: screenshot (com.testapp.multiad/com.godot.game.GodotApp#0)
11-27 20:46:56.138 29614 29658 I godot   : 🎬 VK button pressed
11-27 20:46:56.138 29614 29658 I godot   :   ❌ VK rewarded not loaded
11-27 20:46:56.138 29614 29658 I godot   : 📝 Status: VK ad not ready
11-27 20:46:56.158   554   554 I SurfaceFlinger: screenshot (Background for -SurfaceView - com.testapp.multiad/com.godot.game.GodotApp#0)
11-27 20:46:56.158   554   554 I SurfaceFlinger: screenshot (SurfaceView - com.testapp.multiad/com.godot.game.GodotApp#0)
11-27 20:46:56.158   554   554 I SurfaceFlinger: screenshot (com.testapp.multiad/com.godot.game.GodotApp#0)
11-27 20:46:56.273   554   554 I SurfaceFlinger: screenshot (Background for -SurfaceView - com.testapp.multiad/com.godot.game.GodotApp#0)
11-27 20:46:56.273   554   554 I SurfaceFlinger: screenshot (SurfaceView - com.testapp.multiad/com.godot.game.GodotApp#0)
11-27 20:46:56.273   554   554 I SurfaceFlinger: screenshot (com.testapp.multiad/com.godot.game.GodotApp#0)
11-27 20:46:56.304 29614 29658 I godot   : 🎬 VK button pressed
11-27 20:46:56.304 29614 29658 I godot   :   ❌ VK rewarded not loaded
11-27 20:46:56.304 29614 29658 I godot   : 📝 Status: VK ad not ready
11-27 20:46:56.354 29614 29658 I godot   : ❌ VK rewarded failed: 2001
11-27 20:46:56.354 29614 29658 I godot   : 📝 Status: VK rewarded failed: 2001
11-27 20:46:56.390   554   554 I SurfaceFlinger: screenshot (Background for -SurfaceView - com.testapp.multiad/com.godot.game.GodotApp#0)
11-27 20:46:56.390   554   554 I SurfaceFlinger: screenshot (SurfaceView - com.testapp.multiad/com.godot.game.GodotApp#0)
11-27 20:46:56.390   554   554 I SurfaceFlinger: screenshot (com.testapp.multiad/com.godot.game.GodotApp#0)
11-27 20:46:56.453 29614 29658 I godot   : 🎬 VK button pressed
11-27 20:46:56.454 29614 29658 I godot   :   ❌ VK rewarded not loaded
11-27 20:46:56.454 29614 29658 I godot   : 📝 Status: VK ad not ready
11-27 20:46:56.506   554   554 I SurfaceFlinger: screenshot (Background for -SurfaceView - com.testapp.multiad/com.godot.game.GodotApp#0)
11-27 20:46:56.506   554   554 I SurfaceFlinger: screenshot (SurfaceView - com.testapp.multiad/com.godot.game.GodotApp#0)
11-27 20:46:56.506   554   554 I SurfaceFlinger: screenshot (com.testapp.multiad/com.godot.game.GodotApp#0)
11-27 20:46:56.621   554   554 I SurfaceFlinger: screenshot (Background for -SurfaceView - com.testapp.multiad/com.godot.game.GodotApp#0)
11-27 20:46:56.622   554   554 I SurfaceFlinger: screenshot (SurfaceView - com.testapp.multiad/com.godot.game.GodotApp#0)
11-27 20:46:56.622   554   554 I SurfaceFlinger: screenshot (com.testapp.multiad/com.godot.game.GodotApp#0)
11-27 20:46:56.670 29614 29658 I godot   : ❌ VK rewarded failed: 2001
11-27 20:46:56.670 29614 29658 I godot   : 📝 Status: VK rewarded failed: 2001
11-27 20:46:56.703 29614 29658 I godot   : 🎬 AdMob button pressed
11-27 20:46:56.703 29614 29658 I godot   :   ❌ AdMob rewarded not loaded
11-27 20:46:56.703 29614 29658 I godot   : 📝 Status: AdMob ad not ready
11-27 20:46:56.738   554   554 I SurfaceFlinger: screenshot (Background for -SurfaceView - com.testapp.multiad/com.godot.game.GodotApp#0)
11-27 20:46:56.738   554   554 I SurfaceFlinger: screenshot (SurfaceView - com.testapp.multiad/com.godot.game.GodotApp#0)
11-27 20:46:56.738   554   554 I SurfaceFlinger: screenshot (com.testapp.multiad/com.godot.game.GodotApp#0)
11-27 20:46:56.852 29614 29658 I godot   : 🎬 AdMob button pressed
11-27 20:46:56.852 29614 29658 I godot   :   ❌ AdMob rewarded not loaded
11-27 20:46:56.852 29614 29658 I godot   : 📝 Status: AdMob ad not ready
11-27 20:46:56.854   554   554 I SurfaceFlinger: screenshot (Background for -SurfaceView - com.testapp.multiad/com.godot.game.GodotApp#0)
11-27 20:46:56.854   554   554 I SurfaceFlinger: screenshot (SurfaceView - com.testapp.multiad/com.godot.game.GodotApp#0)
11-27 20:46:56.854   554   554 I SurfaceFlinger: screenshot (com.testapp.multiad/com.godot.game.GodotApp#0)
11-27 20:46:56.970   554   554 I SurfaceFlinger: screenshot (Background for -SurfaceView - com.testapp.multiad/com.godot.game.GodotApp#0)
11-27 20:46:56.970   554   554 I SurfaceFlinger: screenshot (SurfaceView - com.testapp.multiad/com.godot.game.GodotApp#0)
11-27 20:46:56.970   554   554 I SurfaceFlinger: screenshot (com.testapp.multiad/com.godot.game.GodotApp#0)
11-27 20:46:57.001   554  1212 I BufferQueueProducer: [SurfaceView - com.testapp.multiad/com.godot.game.GodotApp#0](this:0x73ac15d800,id:33,api:1,p:29614,c:554) queueBuffer: fps=60.20 dur=1013.30 max=17.53 min=15.92
11-27 20:46:57.003 29614 29658 I godot   : 🎬 AdMob button pressed
11-27 20:46:57.003 29614 29658 I godot   :   ❌ AdMob rewarded not loaded
11-27 20:46:57.003 29614 29658 I godot   : 📝 Status: AdMob ad not ready
11-27 20:46:57.071   554   554 I SurfaceFlinger: screenshot (Background for -SurfaceView - com.testapp.multiad/com.godot.game.GodotApp#0)
11-27 20:46:57.071   554   554 I SurfaceFlinger: screenshot (SurfaceView - com.testapp.multiad/com.godot.game.GodotApp#0)
11-27 20:46:57.071   554   554 I SurfaceFlinger: screenshot (com.testapp.multiad/com.godot.game.GodotApp#0)
11-27 20:46:57.135 29614 29658 I godot   : 🎬 AdMob button pressed
11-27 20:46:57.135 29614 29658 I godot   :   ❌ AdMob rewarded not loaded
11-27 20:46:57.135 29614 29658 I godot   : 📝 Status: AdMob ad not ready
11-27 20:46:57.187   554   554 I SurfaceFlinger: screenshot (Background for -SurfaceView - com.testapp.multiad/com.godot.game.GodotApp#0)
11-27 20:46:57.187   554   554 I SurfaceFlinger: screenshot (SurfaceView - com.testapp.multiad/com.godot.game.GodotApp#0)
11-27 20:46:57.187   554   554 I SurfaceFlinger: screenshot (com.testapp.multiad/com.godot.game.GodotApp#0)
11-27 20:46:57.303   554   554 I SurfaceFlinger: screenshot (Background for -SurfaceView - com.testapp.multiad/com.godot.game.GodotApp#0)
11-27 20:46:57.303   554   554 I SurfaceFlinger: screenshot (SurfaceView - com.testapp.multiad/com.godot.game.GodotApp#0)
11-27 20:46:57.303   554   554 I SurfaceFlinger: screenshot (com.testapp.multiad/com.godot.game.GodotApp#0)
11-27 20:46:57.419   554   554 I SurfaceFlinger: screenshot (Background for -SurfaceView - com.testapp.multiad/com.godot.game.GodotApp#0)
11-27 20:46:57.419   554   554 I SurfaceFlinger: screenshot (SurfaceView - com.testapp.multiad/com.godot.game.GodotApp#0)
11-27 20:46:57.419   554   554 I SurfaceFlinger: screenshot (com.testapp.multiad/com.godot.game.GodotApp#0)
11-27 20:46:57.537   554   554 I SurfaceFlinger: screenshot (Background for -SurfaceView - com.testapp.multiad/com.godot.game.GodotApp#0)
11-27 20:46:57.537   554   554 I SurfaceFlinger: screenshot (SurfaceView - com.testapp.multiad/com.godot.game.GodotApp#0)
11-27 20:46:57.537   554   554 I SurfaceFlinger: screenshot (com.testapp.multiad/com.godot.game.GodotApp#0)
11-27 20:46:57.636 29614 29658 I godot   : ❌ VK rewarded failed: 2001
11-27 20:46:57.636 29614 29658 I godot   : 📝 Status: VK rewarded failed: 2001
11-27 20:46:57.652   554   554 I SurfaceFlinger: screenshot (Background for -SurfaceView - com.testapp.multiad/com.godot.game.GodotApp#0)
11-27 20:46:57.652   554   554 I SurfaceFlinger: screenshot (SurfaceView - com.testapp.multiad/com.godot.game.GodotApp#0)
11-27 20:46:57.652   554   554 I SurfaceFlinger: screenshot (com.testapp.multiad/com.godot.game.GodotApp#0)
11-27 20:46:57.767   554   554 I SurfaceFlinger: screenshot (Background for -SurfaceView - com.testapp.multiad/com.godot.game.GodotApp#0)
11-27 20:46:57.768   554   554 I SurfaceFlinger: screenshot (SurfaceView - com.testapp.multiad/com.godot.game.GodotApp#0)
11-27 20:46:57.768   554   554 I SurfaceFlinger: screenshot (com.testapp.multiad/com.godot.game.GodotApp#0)
11-27 20:46:57.868   554   554 I SurfaceFlinger: screenshot (Background for -SurfaceView - com.testapp.multiad/com.godot.game.GodotApp#0)
11-27 20:46:57.869   554   554 I SurfaceFlinger: screenshot (SurfaceView - com.testapp.multiad/com.godot.game.GodotApp#0)
11-27 20:46:57.869   554   554 I SurfaceFlinger: screenshot (com.testapp.multiad/com.godot.game.GodotApp#0)
11-27 20:46:57.985   554   554 I SurfaceFlinger: screenshot (Background for -SurfaceView - com.testapp.multiad/com.godot.game.GodotApp#0)
11-27 20:46:57.986   554   554 I SurfaceFlinger: screenshot (SurfaceView - com.testapp.multiad/com.godot.game.GodotApp#0)
11-27 20:46:57.986   554   554 I SurfaceFlinger: screenshot (com.testapp.multiad/com.godot.game.GodotApp#0)
11-27 20:46:58.015   554  2252 I BufferQueueProducer: [SurfaceView - com.testapp.multiad/com.godot.game.GodotApp#0](this:0x73ac15d800,id:33,api:1,p:29614,c:554) queueBuffer: fps=60.18 dur=1013.70 max=19.23 min=13.53
11-27 20:46:58.102   554   554 I SurfaceFlinger: screenshot (Background for -SurfaceView - com.testapp.multiad/com.godot.game.GodotApp#0)
11-27 20:46:58.102   554   554 I SurfaceFlinger: screenshot (SurfaceView - com.testapp.multiad/com.godot.game.GodotApp#0)
11-27 20:46:58.102   554   554 I SurfaceFlinger: screenshot (com.testapp.multiad/com.godot.game.GodotApp#0)
11-27 20:46:58.218   554   554 I SurfaceFlinger: screenshot (Background for -SurfaceView - com.testapp.multiad/com.godot.game.GodotApp#0)
11-27 20:46:58.218   554   554 I SurfaceFlinger: screenshot (SurfaceView - com.testapp.multiad/com.godot.game.GodotApp#0)
11-27 20:46:58.218   554   554 I SurfaceFlinger: screenshot (com.testapp.multiad/com.godot.game.GodotApp#0)
11-27 20:46:58.332   554   554 I SurfaceFlinger: screenshot (Background for -SurfaceView - com.testapp.multiad/com.godot.game.GodotApp#0)
11-27 20:46:58.333   554   554 I SurfaceFlinger: screenshot (SurfaceView - com.testapp.multiad/com.godot.game.GodotApp#0)
11-27 20:46:58.333   554   554 I SurfaceFlinger: screenshot (com.testapp.multiad/com.godot.game.GodotApp#0)
11-27 20:46:58.434   554   554 I SurfaceFlinger: screenshot (Background for -SurfaceView - com.testapp.multiad/com.godot.game.GodotApp#0)
11-27 20:46:58.434   554   554 I SurfaceFlinger: screenshot (SurfaceView - com.testapp.multiad/com.godot.game.GodotApp#0)
11-27 20:46:58.434   554   554 I SurfaceFlinger: screenshot (com.testapp.multiad/com.godot.game.GodotApp#0)
11-27 20:46:58.549   554   554 I SurfaceFlinger: screenshot (Background for -SurfaceView - com.testapp.multiad/com.godot.game.GodotApp#0)
11-27 20:46:58.549   554   554 I SurfaceFlinger: screenshot (SurfaceView - com.testapp.multiad/com.godot.game.GodotApp#0)
11-27 20:46:58.549   554   554 I SurfaceFlinger: screenshot (com.testapp.multiad/com.godot.game.GodotApp#0)
11-27 20:46:58.665   554   554 I SurfaceFlinger: screenshot (Background for -SurfaceView - com.testapp.multiad/com.godot.game.GodotApp#0)
11-27 20:46:58.665   554   554 I SurfaceFlinger: screenshot (SurfaceView - com.testapp.multiad/com.godot.game.GodotApp#0)
11-27 20:46:58.665   554   554 I SurfaceFlinger: screenshot (com.testapp.multiad/com.godot.game.GodotApp#0)
11-27 20:46:58.783   554   554 I SurfaceFlinger: screenshot (Background for -SurfaceView - com.testapp.multiad/com.godot.game.GodotApp#0)
11-27 20:46:58.783   554   554 I SurfaceFlinger: screenshot (SurfaceView - com.testapp.multiad/com.godot.game.GodotApp#0)
11-27 20:46:58.784   554   554 I SurfaceFlinger: screenshot (com.testapp.multiad/com.godot.game.GodotApp#0)
11-27 20:46:58.883   554   554 I SurfaceFlinger: screenshot (Background for -SurfaceView - com.testapp.multiad/com.godot.game.GodotApp#0)
11-27 20:46:58.883   554   554 I SurfaceFlinger: screenshot (SurfaceView - com.testapp.multiad/com.godot.game.GodotApp#0)
11-27 20:46:58.883   554   554 I SurfaceFlinger: screenshot (com.testapp.multiad/com.godot.game.GodotApp#0)
11-27 20:46:58.999   554   554 I SurfaceFlinger: screenshot (Background for -SurfaceView - com.testapp.multiad/com.godot.game.GodotApp#0)
11-27 20:46:58.999   554   554 I SurfaceFlinger: screenshot (SurfaceView - com.testapp.multiad/com.godot.game.GodotApp#0)
11-27 20:46:58.999   554   554 I SurfaceFlinger: screenshot (com.testapp.multiad/com.godot.game.GodotApp#0)
11-27 20:46:59.028   554  1212 I BufferQueueProducer: [SurfaceView - com.testapp.multiad/com.godot.game.GodotApp#0](this:0x73ac15d800,id:33,api:1,p:29614,c:554) queueBuffer: fps=60.20 dur=1013.36 max=17.43 min=15.82
11-27 20:46:59.115   554   554 I SurfaceFlinger: screenshot (Background for -SurfaceView - com.testapp.multiad/com.godot.game.GodotApp#0)
11-27 20:46:59.115   554   554 I SurfaceFlinger: screenshot (SurfaceView - com.testapp.multiad/com.godot.game.GodotApp#0)
11-27 20:46:59.115   554   554 I SurfaceFlinger: screenshot (com.testapp.multiad/com.godot.game.GodotApp#0)
11-27 20:46:59.232   554   554 I SurfaceFlinger: screenshot (Background for -SurfaceView - com.testapp.multiad/com.godot.game.GodotApp#0)
11-27 20:46:59.232   554   554 I SurfaceFlinger: screenshot (SurfaceView - com.testapp.multiad/com.godot.game.GodotApp#0)
11-27 20:46:59.232   554   554 I SurfaceFlinger: screenshot (com.testapp.multiad/com.godot.game.GodotApp#0)
11-27 20:46:59.348   554   554 I SurfaceFlinger: screenshot (Background for -SurfaceView - com.testapp.multiad/com.godot.game.GodotApp#0)
11-27 20:46:59.348   554   554 I SurfaceFlinger: screenshot (SurfaceView - com.testapp.multiad/com.godot.game.GodotApp#0)
11-27 20:46:59.348   554   554 I SurfaceFlinger: screenshot (com.testapp.multiad/com.godot.game.GodotApp#0)
11-27 20:46:59.466   554   554 I SurfaceFlinger: screenshot (Background for -SurfaceView - com.testapp.multiad/com.godot.game.GodotApp#0)
11-27 20:46:59.466   554   554 I SurfaceFlinger: screenshot (SurfaceView - com.testapp.multiad/com.godot.game.GodotApp#0)
11-27 20:46:59.467   554   554 I SurfaceFlinger: screenshot (com.testapp.multiad/com.godot.game.GodotApp#0)
11-27 20:46:59.564   554   554 I SurfaceFlinger: screenshot (Background for -SurfaceView - com.testapp.multiad/com.godot.game.GodotApp#0)
11-27 20:46:59.565   554   554 I SurfaceFlinger: screenshot (SurfaceView - com.testapp.multiad/com.godot.game.GodotApp#0)
11-27 20:46:59.565   554   554 I SurfaceFlinger: screenshot (com.testapp.multiad/com.godot.game.GodotApp#0)
11-27 20:46:59.680   554   554 I SurfaceFlinger: screenshot (Background for -SurfaceView - com.testapp.multiad/com.godot.game.GodotApp#0)
11-27 20:46:59.681   554   554 I SurfaceFlinger: screenshot (SurfaceView - com.testapp.multiad/com.godot.game.GodotApp#0)
11-27 20:46:59.681   554   554 I SurfaceFlinger: screenshot (com.testapp.multiad/com.godot.game.GodotApp#0)
11-27 20:46:59.797   554   554 I SurfaceFlinger: screenshot (Background for -SurfaceView - com.testapp.multiad/com.godot.game.GodotApp#0)
11-27 20:46:59.797   554   554 I SurfaceFlinger: screenshot (SurfaceView - com.testapp.multiad/com.godot.game.GodotApp#0)
11-27 20:46:59.797   554   554 I SurfaceFlinger: screenshot (com.testapp.multiad/com.godot.game.GodotApp#0)
11-27 20:46:59.915   554   554 I SurfaceFlinger: screenshot (Background for -SurfaceView - com.testapp.multiad/com.godot.game.GodotApp#0)
11-27 20:46:59.915   554   554 I SurfaceFlinger: screenshot (SurfaceView - com.testapp.multiad/com.godot.game.GodotApp#0)
11-27 20:46:59.915   554   554 I SurfaceFlinger: screenshot (com.testapp.multiad/com.godot.game.GodotApp#0)